Archive member included to satisfy reference by file (symbol)

/Users/EJ/Documents/fall2016/267/gcc-arm-none-eabi-5_4-2016q3/bin/../lib/gcc/arm-none-eabi/5.4.1/armv7e-m/libgcc.a(_arm_addsubsf3.o)
                              ./src/stm32f4_discovery_audio.o (__aeabi_ui2f)
/Users/EJ/Documents/fall2016/267/gcc-arm-none-eabi-5_4-2016q3/bin/../lib/gcc/arm-none-eabi/5.4.1/armv7e-m/libgcc.a(_arm_muldivsf3.o)
                              ./src/lis3dsh.o (__aeabi_fmul)
/Users/EJ/Documents/fall2016/267/gcc-arm-none-eabi-5_4-2016q3/bin/../lib/gcc/arm-none-eabi/5.4.1/armv7e-m/libgcc.a(_arm_fixsfsi.o)
                              ./src/lis3dsh.o (__aeabi_f2iz)
/Users/EJ/Documents/fall2016/267/gcc-arm-none-eabi-5_4-2016q3/bin/../lib/gcc/arm-none-eabi/5.4.1/../../../../arm-none-eabi/lib/armv7e-m/libg_nano.a(lib_a-errno.o)
                              ./system/src/newlib/_sbrk.o (__errno)
/Users/EJ/Documents/fall2016/267/gcc-arm-none-eabi-5_4-2016q3/bin/../lib/gcc/arm-none-eabi/5.4.1/../../../../arm-none-eabi/lib/armv7e-m/libg_nano.a(lib_a-impure.o)
                              /Users/EJ/Documents/fall2016/267/gcc-arm-none-eabi-5_4-2016q3/bin/../lib/gcc/arm-none-eabi/5.4.1/../../../../arm-none-eabi/lib/armv7e-m/libg_nano.a(lib_a-errno.o) (_impure_ptr)
/Users/EJ/Documents/fall2016/267/gcc-arm-none-eabi-5_4-2016q3/bin/../lib/gcc/arm-none-eabi/5.4.1/../../../../arm-none-eabi/lib/armv7e-m/libg_nano.a(lib_a-malloc.o)
                              ./src/usbh_msc.o (malloc)
/Users/EJ/Documents/fall2016/267/gcc-arm-none-eabi-5_4-2016q3/bin/../lib/gcc/arm-none-eabi/5.4.1/../../../../arm-none-eabi/lib/armv7e-m/libg_nano.a(lib_a-memcpy-stub.o)
                              ./src/usbh_diskio.o (memcpy)
/Users/EJ/Documents/fall2016/267/gcc-arm-none-eabi-5_4-2016q3/bin/../lib/gcc/arm-none-eabi/5.4.1/../../../../arm-none-eabi/lib/armv7e-m/libg_nano.a(lib_a-memset.o)
                              ./src/usbh_msc.o (memset)
/Users/EJ/Documents/fall2016/267/gcc-arm-none-eabi-5_4-2016q3/bin/../lib/gcc/arm-none-eabi/5.4.1/../../../../arm-none-eabi/lib/armv7e-m/libg_nano.a(lib_a-nano-freer.o)
                              /Users/EJ/Documents/fall2016/267/gcc-arm-none-eabi-5_4-2016q3/bin/../lib/gcc/arm-none-eabi/5.4.1/../../../../arm-none-eabi/lib/armv7e-m/libg_nano.a(lib_a-malloc.o) (_free_r)
/Users/EJ/Documents/fall2016/267/gcc-arm-none-eabi-5_4-2016q3/bin/../lib/gcc/arm-none-eabi/5.4.1/../../../../arm-none-eabi/lib/armv7e-m/libg_nano.a(lib_a-nano-mallocr.o)
                              /Users/EJ/Documents/fall2016/267/gcc-arm-none-eabi-5_4-2016q3/bin/../lib/gcc/arm-none-eabi/5.4.1/../../../../arm-none-eabi/lib/armv7e-m/libg_nano.a(lib_a-malloc.o) (_malloc_r)
/Users/EJ/Documents/fall2016/267/gcc-arm-none-eabi-5_4-2016q3/bin/../lib/gcc/arm-none-eabi/5.4.1/../../../../arm-none-eabi/lib/armv7e-m/libg_nano.a(lib_a-sbrkr.o)
                              /Users/EJ/Documents/fall2016/267/gcc-arm-none-eabi-5_4-2016q3/bin/../lib/gcc/arm-none-eabi/5.4.1/../../../../arm-none-eabi/lib/armv7e-m/libg_nano.a(lib_a-nano-mallocr.o) (_sbrk_r)
/Users/EJ/Documents/fall2016/267/gcc-arm-none-eabi-5_4-2016q3/bin/../lib/gcc/arm-none-eabi/5.4.1/../../../../arm-none-eabi/lib/armv7e-m/libg_nano.a(lib_a-strlen.o)
                              ./system/src/diag/Trace.o (strlen)
/Users/EJ/Documents/fall2016/267/gcc-arm-none-eabi-5_4-2016q3/bin/../lib/gcc/arm-none-eabi/5.4.1/../../../../arm-none-eabi/lib/armv7e-m/libg_nano.a(lib_a-vsnprintf.o)
                              ./system/src/diag/Trace.o (vsnprintf)
/Users/EJ/Documents/fall2016/267/gcc-arm-none-eabi-5_4-2016q3/bin/../lib/gcc/arm-none-eabi/5.4.1/../../../../arm-none-eabi/lib/armv7e-m/libg_nano.a(lib_a-mlock.o)
                              /Users/EJ/Documents/fall2016/267/gcc-arm-none-eabi-5_4-2016q3/bin/../lib/gcc/arm-none-eabi/5.4.1/../../../../arm-none-eabi/lib/armv7e-m/libg_nano.a(lib_a-nano-freer.o) (__malloc_lock)
/Users/EJ/Documents/fall2016/267/gcc-arm-none-eabi-5_4-2016q3/bin/../lib/gcc/arm-none-eabi/5.4.1/../../../../arm-none-eabi/lib/armv7e-m/libg_nano.a(lib_a-nano-svfprintf.o)
                              /Users/EJ/Documents/fall2016/267/gcc-arm-none-eabi-5_4-2016q3/bin/../lib/gcc/arm-none-eabi/5.4.1/../../../../arm-none-eabi/lib/armv7e-m/libg_nano.a(lib_a-vsnprintf.o) (_svfprintf_r)
/Users/EJ/Documents/fall2016/267/gcc-arm-none-eabi-5_4-2016q3/bin/../lib/gcc/arm-none-eabi/5.4.1/../../../../arm-none-eabi/lib/armv7e-m/libg_nano.a(lib_a-nano-vfprintf_i.o)
                              /Users/EJ/Documents/fall2016/267/gcc-arm-none-eabi-5_4-2016q3/bin/../lib/gcc/arm-none-eabi/5.4.1/../../../../arm-none-eabi/lib/armv7e-m/libg_nano.a(lib_a-nano-svfprintf.o) (_printf_i)
/Users/EJ/Documents/fall2016/267/gcc-arm-none-eabi-5_4-2016q3/bin/../lib/gcc/arm-none-eabi/5.4.1/../../../../arm-none-eabi/lib/armv7e-m/libg_nano.a(lib_a-memchr.o)
[...]
Memory Configuration

Name             Origin             Length             Attributes
RAM              0x0000000020000000 0x0000000000020000 xrw
CCMRAM           0x0000000010000000 0x0000000000010000 xrw
FLASH            0x0000000008000000 0x0000000000080000 xr
FLASHB1          0x0000000000000000 0x0000000000000000 xr
EXTMEMB0         0x0000000000000000 0x0000000000000000 xr
EXTMEMB1         0x0000000000000000 0x0000000000000000 xr
EXTMEMB2         0x0000000000000000 0x0000000000000000 xr
EXTMEMB3         0x0000000000000000 0x0000000000000000 xr
MEMORY_ARRAY     0x0000000020002000 0x0000000000000020 xrw
*default*        0x0000000000000000 0xffffffffffffffff

Linker script and memory map

LOAD ./system/src/stm32f4-hal/stm32f4xx_hal.o
LOAD ./system/src/stm32f4-hal/stm32f4xx_hal_cortex.o
LOAD ./system/src/stm32f4-hal/stm32f4xx_hal_dma.o
LOAD ./system/src/stm32f4-hal/stm32f4xx_hal_flash.o
LOAD ./system/src/stm32f4-hal/stm32f4xx_hal_flash_ex.o
LOAD ./system/src/stm32f4-hal/stm32f4xx_hal_gpio.o
LOAD ./system/src/stm32f4-hal/stm32f4xx_hal_hcd.o
LOAD ./system/src/stm32f4-hal/stm32f4xx_hal_i2c.o
LOAD ./system/src/stm32f4-hal/stm32f4xx_hal_i2c_ex.o
LOAD ./system/src/stm32f4-hal/stm32f4xx_hal_i2s.o
LOAD ./system/src/stm32f4-hal/stm32f4xx_hal_i2s_ex.o
LOAD ./system/src/stm32f4-hal/stm32f4xx_hal_pwr.o
LOAD ./system/src/stm32f4-hal/stm32f4xx_hal_pwr_ex.o
LOAD ./system/src/stm32f4-hal/stm32f4xx_hal_rcc.o
LOAD ./system/src/stm32f4-hal/stm32f4xx_hal_rcc_ex.o
LOAD ./system/src/stm32f4-hal/stm32f4xx_hal_rtc.o
LOAD ./system/src/stm32f4-hal/stm32f4xx_hal_spi.o
LOAD ./system/src/stm32f4-hal/stm32f4xx_hal_tim.o
LOAD ./system/src/stm32f4-hal/stm32f4xx_hal_tim_ex.o
LOAD ./system/src/stm32f4-hal/stm32f4xx_ll_fmc.o
LOAD ./system/src/stm32f4-hal/stm32f4xx_ll_usb.o
LOAD ./system/src/newlib/_cxx.o
LOAD ./system/src/newlib/_exit.o
LOAD ./system/src/newlib/_sbrk.o
LOAD ./system/src/newlib/_startup.o
LOAD ./system/src/newlib/_syscalls.o
LOAD ./system/src/newlib/assert.o
LOAD ./system/src/diag/Trace.o
LOAD ./system/src/diag/trace_impl.o
LOAD ./system/src/cortexm/_initialize_hardware.o
LOAD ./system/src/cortexm/_reset_hardware.o
LOAD ./system/src/cortexm/exception_handlers.o
LOAD ./system/src/cmsis/system_stm32f4xx.o
LOAD ./system/src/cmsis/vectors_stm32f407xx.o
LOAD ./src/cs43l22.o
LOAD ./src/diskio.o
LOAD ./src/ff.o
LOAD ./src/ff_gen_drv.o
LOAD ./src/lis302dl.o
LOAD ./src/lis3dsh.o
LOAD ./src/main.o
LOAD ./src/stm32f4_discovery.o
LOAD ./src/stm32f4_discovery_accelerometer.o
LOAD ./src/stm32f4_discovery_audio.o
LOAD ./src/stm32f4xx_it.o
LOAD ./src/syscall.o
LOAD ./src/unicode.o
LOAD ./src/usbh_conf.o
LOAD ./src/usbh_core.o
LOAD ./src/usbh_ctlreq.o
LOAD ./src/usbh_diskio.o
LOAD ./src/usbh_ioreq.o
LOAD ./src/usbh_msc.o
LOAD ./src/usbh_msc_bot.o
LOAD ./src/usbh_msc_scsi.o
LOAD ./src/usbh_pipes.o
LOAD ./src/waveplayer.o
LOAD /Users/EJ/Documents/fall2016/267/gcc-arm-none-eabi-5_4-2016q3/bin/../lib/gcc/arm-none-eabi/5.4.1/../../../../arm-none-eabi/lib/armv7e-m/libstdc++_nano.a
LOAD /Users/EJ/Documents/fall2016/267/gcc-arm-none-eabi-5_4-2016q3/bin/../lib/gcc/arm-none-eabi/5.4.1/../../../../arm-none-eabi/lib/armv7e-m/libm.a
START GROUP
LOAD /Users/EJ/Documents/fall2016/267/gcc-arm-none-eabi-5_4-2016q3/bin/../lib/gcc/arm-none-eabi/5.4.1/armv7e-m/libgcc.a
LOAD /Users/EJ/Documents/fall2016/267/gcc-arm-none-eabi-5_4-2016q3/bin/../lib/gcc/arm-none-eabi/5.4.1/../../../../arm-none-eabi/lib/armv7e-m/libg_nano.a
LOAD /Users/EJ/Documents/fall2016/267/gcc-arm-none-eabi-5_4-2016q3/bin/../lib/gcc/arm-none-eabi/5.4.1/../../../../arm-none-eabi/lib/armv7e-m/libc_nano.a
END GROUP
START GROUP
LOAD /Users/EJ/Documents/fall2016/267/gcc-arm-none-eabi-5_4-2016q3/bin/../lib/gcc/arm-none-eabi/5.4.1/armv7e-m/libgcc.a
LOAD /Users/EJ/Documents/fall2016/267/gcc-arm-none-eabi-5_4-2016q3/bin/../lib/gcc/arm-none-eabi/5.4.1/../../../../arm-none-eabi/lib/armv7e-m/libc_nano.a
END GROUP
                0x0000000020020000                __stack = (ORIGIN (RAM) + LENGTH (RAM))
                0x0000000020020000                _estack = __stack
                0x0000000000000400                __Main_Stack_Size = 0x400
                [!provide]                        PROVIDE (_Main_Stack_Size, __Main_Stack_Size)
                0x000000002001fc00                __Main_Stack_Limit = (__stack - __Main_Stack_Size)
                [!provide]                        PROVIDE (_Main_Stack_Limit, __Main_Stack_Limit)
                0x0000000000000100                _Minimum_Stack_Size = 0x100
                0x0000000020002090                PROVIDE (_Heap_Begin, _end_noinit)
                0x000000002001fc00                PROVIDE (_Heap_Limit, (__stack - __Main_Stack_Size))

.isr_vector     0x0000000008000000      0x3c0
 FILL mask 0xff
                0x0000000008000000                __vectors_start = ABSOLUTE (.)
                0x0000000008000000                __vectors_start__ = ABSOLUTE (.)
 *(.isr_vector)
 .isr_vector    0x0000000008000000      0x188 ./system/src/cmsis/vectors_stm32f407xx.o
                0x0000000008000000                __isr_vectors
 *(.cfmconfig)
 *(.after_vectors .after_vectors.*)
 .after_vectors
                0x0000000008000188      0x130 ./system/src/newlib/_startup.o
                0x0000000008000188                _start
 .after_vectors
                0x00000000080002b8      0x104 ./system/src/cortexm/exception_handlers.o
                0x00000000080002b8                Reset_Handler
                0x00000000080002d8                HardFault_Handler_C
                0x0000000008000324                BusFault_Handler_C
                0x000000000800036c                UsageFault_Handler_C
 .after_vectors
                0x00000000080003bc        0x4 ./system/src/cmsis/vectors_stm32f407xx.o
                0x00000000080003bc                DMA2_Stream6_IRQHandler
                0x00000000080003bc                HASH_RNG_IRQHandler
                0x00000000080003bc                EXTI2_IRQHandler
                0x00000000080003bc                TIM8_CC_IRQHandler
                0x00000000080003bc                TIM1_CC_IRQHandler
                0x00000000080003bc                DMA2_Stream5_IRQHandler
                0x00000000080003bc                DMA1_Stream5_IRQHandler
                0x00000000080003bc                PVD_IRQHandler
                0x00000000080003bc                SDIO_IRQHandler
                0x00000000080003bc                TAMP_STAMP_IRQHandler
                0x00000000080003bc                CAN2_RX1_IRQHandler
                0x00000000080003bc                EXTI3_IRQHandler
                0x00000000080003bc                TIM8_TRG_COM_TIM14_IRQHandler
                0x00000000080003bc                TIM1_UP_TIM10_IRQHandler
                0x00000000080003bc                TIM8_UP_TIM13_IRQHandler
                0x00000000080003bc                I2C3_ER_IRQHandler
                0x00000000080003bc                I2C2_EV_IRQHandler
                0x00000000080003bc                DMA1_Stream2_IRQHandler
                0x00000000080003bc                CAN1_RX0_IRQHandler
                0x00000000080003bc                FPU_IRQHandler
                0x00000000080003bc                OTG_HS_WKUP_IRQHandler
                0x00000000080003bc                CAN2_SCE_IRQHandler
                0x00000000080003bc                DMA2_Stream2_IRQHandler
                0x00000000080003bc                SPI1_IRQHandler
                0x00000000080003bc                TIM6_DAC_IRQHandler
                0x00000000080003bc                TIM1_BRK_TIM9_IRQHandler
                0x00000000080003bc                DCMI_IRQHandler
                0x00000000080003bc                CAN2_RX0_IRQHandler
                0x00000000080003bc                DMA2_Stream3_IRQHandler
                0x00000000080003bc                USART6_IRQHandler
                0x00000000080003bc                USART3_IRQHandler
                0x00000000080003bc                CAN1_RX1_IRQHandler
                0x00000000080003bc                UART5_IRQHandler
                0x00000000080003bc                DMA2_Stream0_IRQHandler
                0x00000000080003bc                I2C1_EV_IRQHandler
                0x00000000080003bc                DMA1_Stream6_IRQHandler
                0x00000000080003bc                DMA1_Stream1_IRQHandler
                0x00000000080003bc                UART4_IRQHandler
                0x00000000080003bc                TIM3_IRQHandler
                0x00000000080003bc                RCC_IRQHandler
                0x00000000080003bc                TIM8_BRK_TIM12_IRQHandler
                0x00000000080003bc                Default_Handler
                0x00000000080003bc                EXTI15_10_IRQHandler
                0x00000000080003bc                ADC_IRQHandler
                0x00000000080003bc                TIM7_IRQHandler
                0x00000000080003bc                CAN2_TX_IRQHandler
                0x00000000080003bc                TIM5_IRQHandler
                0x00000000080003bc                DMA2_Stream7_IRQHandler
                0x00000000080003bc                I2C3_EV_IRQHandler
                0x00000000080003bc                EXTI9_5_IRQHandler
                0x00000000080003bc                RTC_WKUP_IRQHandler
                0x00000000080003bc                ETH_WKUP_IRQHandler
                0x00000000080003bc                SPI2_IRQHandler
                0x00000000080003bc                OTG_HS_EP1_IN_IRQHandler
                0x00000000080003bc                DMA1_Stream0_IRQHandler
                0x00000000080003bc                CAN1_TX_IRQHandler
                0x00000000080003bc                EXTI4_IRQHandler
                0x00000000080003bc                ETH_IRQHandler
                0x00000000080003bc                OTG_HS_EP1_OUT_IRQHandler
                0x00000000080003bc                WWDG_IRQHandler
                0x00000000080003bc                TIM2_IRQHandler
                0x00000000080003bc                OTG_FS_WKUP_IRQHandler
                0x00000000080003bc                TIM1_TRG_COM_TIM11_IRQHandler
                0x00000000080003bc                OTG_HS_IRQHandler
                0x00000000080003bc                USART2_IRQHandler
                0x00000000080003bc                I2C2_ER_IRQHandler
                0x00000000080003bc                DMA2_Stream1_IRQHandler
                0x00000000080003bc                CAN1_SCE_IRQHandler
                0x00000000080003bc                FLASH_IRQHandler
                0x00000000080003bc                DMA2_Stream4_IRQHandler
                0x00000000080003bc                USART1_IRQHandler
                0x00000000080003bc                SPI3_IRQHandler
                0x00000000080003bc                DMA1_Stream4_IRQHandler
                0x00000000080003bc                I2C1_ER_IRQHandler
                0x00000000080003bc                FMC_IRQHandler
                0x00000000080003bc                RTC_Alarm_IRQHandler

.inits          0x00000000080003c0       0x28
                0x00000000080003c0                __data_regions_array_start = .
                0x00000000080003c0        0x4 LONG 0x800b2f8 LOADADDR (.data)
                0x00000000080003c4        0x4 LONG 0x20000000 ADDR (.data)
                0x00000000080003c8        0x4 LONG 0x20000158 (ADDR (.data) + SIZEOF (.data))
                0x00000000080003cc        0x4 LONG 0x800b2f8 LOADADDR (.data_CCMRAM)
                0x00000000080003d0        0x4 LONG 0x10000000 ADDR (.data_CCMRAM)
                0x00000000080003d4        0x4 LONG 0x10000000 (ADDR (.data_CCMRAM) + SIZEOF (.data_CCMRAM))
                0x00000000080003d8                __data_regions_array_end = .
                0x00000000080003d8                __bss_regions_array_start = .
                0x00000000080003d8        0x4 LONG 0x20000158 ADDR (.bss)
                0x00000000080003dc        0x4 LONG 0x20002090 (ADDR (.bss) + SIZEOF (.bss))
                0x00000000080003e0        0x4 LONG 0x10000000 ADDR (.bss_CCMRAM)
                0x00000000080003e4        0x4 LONG 0x10000000 (ADDR (.bss_CCMRAM) + SIZEOF (.bss_CCMRAM))
                0x00000000080003e8                __bss_regions_array_end = .
 *(.init)
 *(.fini)
                0x00000000080003e8                . = ALIGN (0x4)
                0x00000000080003e8                PROVIDE (__preinit_array_start, .)
 *(.preinit_array_sysinit .preinit_array_sysinit.*)
 *(.preinit_array_platform .preinit_array_platform.*)
 *(.preinit_array .preinit_array.*)
                0x00000000080003e8                PROVIDE (__preinit_array_end, .)
                0x00000000080003e8                . = ALIGN (0x4)
                0x00000000080003e8                PROVIDE (__init_array_start, .)
 *(SORT(.init_array.*))
 *(.init_array)
                0x00000000080003e8                PROVIDE (__init_array_end, .)
                0x00000000080003e8                . = ALIGN (0x4)
                0x00000000080003e8                PROVIDE (__fini_array_start, .)
 *(SORT(.fini_array.*))
 *(.fini_array)
                0x00000000080003e8                PROVIDE (__fini_array_end, .)

.flashtext
 *(.flashtext .flashtext.*)

.text           0x00000000080003f0     0xaf07
 *(.text .text.*)
 .text.HAL_MspInit
                0x00000000080003f0        0x4 ./system/src/stm32f4-hal/stm32f4xx_hal.o
                0x00000000080003f0                HAL_MspInit
 .text.HAL_InitTick
                0x00000000080003f4       0x28 ./system/src/stm32f4-hal/stm32f4xx_hal.o
                0x00000000080003f4                HAL_InitTick
 .text.HAL_Init
                0x000000000800041c       0x2c ./system/src/stm32f4-hal/stm32f4xx_hal.o
                0x000000000800041c                HAL_Init
 .text.HAL_IncTick
                0x0000000008000448       0x10 ./system/src/stm32f4-hal/stm32f4xx_hal.o
                0x0000000008000448                HAL_IncTick
 .text.HAL_GetTick
                0x0000000008000458        0xc ./system/src/stm32f4-hal/stm32f4xx_hal.o
                0x0000000008000458                HAL_GetTick
 .text.HAL_Delay
                0x0000000008000464       0x1c ./system/src/stm32f4-hal/stm32f4xx_hal.o
                0x0000000008000464                HAL_Delay
 .text.HAL_GetREVID
                0x0000000008000480        0xc ./system/src/stm32f4-hal/stm32f4xx_hal.o
                0x0000000008000480                HAL_GetREVID
 .text.HAL_NVIC_SetPriorityGrouping
                0x000000000800048c       0x3c ./system/src/stm32f4-hal/stm32f4xx_hal_cortex.o
                0x000000000800048c                HAL_NVIC_SetPriorityGrouping
 .text.HAL_NVIC_SetPriority
                0x00000000080004c8       0x84 ./system/src/stm32f4-hal/stm32f4xx_hal_cortex.o
                0x00000000080004c8                HAL_NVIC_SetPriority
 .text.HAL_NVIC_EnableIRQ
                0x000000000800054c       0x2c ./system/src/stm32f4-hal/stm32f4xx_hal_cortex.o
                0x000000000800054c                HAL_NVIC_EnableIRQ
 .text.HAL_SYSTICK_Config
                0x0000000008000578       0x2c ./system/src/stm32f4-hal/stm32f4xx_hal_cortex.o
                0x0000000008000578                HAL_SYSTICK_Config
 .text.DMA_SetConfig
                0x00000000080005a4       0x2c ./system/src/stm32f4-hal/stm32f4xx_hal_dma.o
 .text.DMA_CalcBaseAndBitshift
                0x00000000080005d0       0x3c ./system/src/stm32f4-hal/stm32f4xx_hal_dma.o
 .text.HAL_DMA_Init
                0x000000000800060c      0x220 ./system/src/stm32f4-hal/stm32f4xx_hal_dma.o
                0x000000000800060c                HAL_DMA_Init
 .text.HAL_DMA_DeInit
                0x000000000800082c       0x58 ./system/src/stm32f4-hal/stm32f4xx_hal_dma.o
                0x000000000800082c                HAL_DMA_DeInit
 .text.HAL_DMA_Start_IT
                0x0000000008000884       0x74 ./system/src/stm32f4-hal/stm32f4xx_hal_dma.o
                0x0000000008000884                HAL_DMA_Start_IT
 .text.HAL_DMA_Abort
                0x00000000080008f8       0x50 ./system/src/stm32f4-hal/stm32f4xx_hal_dma.o
                0x00000000080008f8                HAL_DMA_Abort
 .text.HAL_DMA_IRQHandler
                0x0000000008000948      0x1b4 ./system/src/stm32f4-hal/stm32f4xx_hal_dma.o
                0x0000000008000948                HAL_DMA_IRQHandler
 .text.HAL_GPIO_Init
                0x0000000008000afc      0x330 ./system/src/stm32f4-hal/stm32f4xx_hal_gpio.o
                0x0000000008000afc                HAL_GPIO_Init
 .text.HAL_GPIO_WritePin
                0x0000000008000e2c       0x34 ./system/src/stm32f4-hal/stm32f4xx_hal_gpio.o
                0x0000000008000e2c                HAL_GPIO_WritePin
 .text.HAL_GPIO_TogglePin
                0x0000000008000e60       0x20 ./system/src/stm32f4-hal/stm32f4xx_hal_gpio.o
                0x0000000008000e60                HAL_GPIO_TogglePin
 .text.HAL_GPIO_EXTI_IRQHandler
                0x0000000008000e80       0x18 ./system/src/stm32f4-hal/stm32f4xx_hal_gpio.o
                0x0000000008000e80                HAL_GPIO_EXTI_IRQHandler
 .text.HCD_RXQLVL_IRQHandler
                0x0000000008000e98       0x7c ./system/src/stm32f4-hal/stm32f4xx_hal_hcd.o
 .text.HAL_HCD_HC_Init
                0x0000000008000f14       0x74 ./system/src/stm32f4-hal/stm32f4xx_hal_hcd.o
                0x0000000008000f14                HAL_HCD_HC_Init
 .text.HAL_HCD_HC_Halt
                0x0000000008000f88       0x24 ./system/src/stm32f4-hal/stm32f4xx_hal_hcd.o
                0x0000000008000f88                HAL_HCD_HC_Halt
 .text.HAL_HCD_Init
                0x0000000008000fac       0x9c ./system/src/stm32f4-hal/stm32f4xx_hal_hcd.o
                0x0000000008000fac                HAL_HCD_Init
 .text.HAL_HCD_HC_SubmitRequest
                0x0000000008001048      0x1cc ./system/src/stm32f4-hal/stm32f4xx_hal_hcd.o
                0x0000000008001048                HAL_HCD_HC_SubmitRequest
 .text.HCD_Port_IRQHandler
                0x0000000008001214       0xd4 ./system/src/stm32f4-hal/stm32f4xx_hal_hcd.o
 .text.HCD_HC_IN_IRQHandler
                0x00000000080012e8      0x27c ./system/src/stm32f4-hal/stm32f4xx_hal_hcd.o
 .text.HCD_HC_OUT_IRQHandler
                0x0000000008001564      0x2a0 ./system/src/stm32f4-hal/stm32f4xx_hal_hcd.o
 .text.HAL_HCD_IRQHandler
                0x0000000008001804      0x13c ./system/src/stm32f4-hal/stm32f4xx_hal_hcd.o
                0x0000000008001804                HAL_HCD_IRQHandler
 .text.HAL_HCD_Start
                0x0000000008001940       0x2c ./system/src/stm32f4-hal/stm32f4xx_hal_hcd.o
                0x0000000008001940                HAL_HCD_Start
 .text.HAL_HCD_Stop
                0x000000000800196c       0x24 ./system/src/stm32f4-hal/stm32f4xx_hal_hcd.o
                0x000000000800196c                HAL_HCD_Stop
 .text.HAL_HCD_ResetPort
                0x0000000008001990        0xc ./system/src/stm32f4-hal/stm32f4xx_hal_hcd.o
                0x0000000008001990                HAL_HCD_ResetPort
 .text.HAL_HCD_HC_GetURBState
                0x000000000800199c       0x10 ./system/src/stm32f4-hal/stm32f4xx_hal_hcd.o
                0x000000000800199c                HAL_HCD_HC_GetURBState
 .text.HAL_HCD_HC_GetXferCount
                0x00000000080019ac        0xc ./system/src/stm32f4-hal/stm32f4xx_hal_hcd.o
                0x00000000080019ac                HAL_HCD_HC_GetXferCount
 .text.HAL_HCD_GetCurrentFrame
                0x00000000080019b8        0xc ./system/src/stm32f4-hal/stm32f4xx_hal_hcd.o
                0x00000000080019b8                HAL_HCD_GetCurrentFrame
 .text.HAL_HCD_GetCurrentSpeed
                0x00000000080019c4        0xc ./system/src/stm32f4-hal/stm32f4xx_hal_hcd.o
                0x00000000080019c4                HAL_HCD_GetCurrentSpeed
 .text.I2C_IsAcknowledgeFailed
                0x00000000080019d0       0x2c ./system/src/stm32f4-hal/stm32f4xx_hal_i2c.o
 .text.I2C_WaitOnFlagUntilTimeout
                0x00000000080019fc       0xd0 ./system/src/stm32f4-hal/stm32f4xx_hal_i2c.o
 .text.I2C_WaitOnMasterAddressFlagUntilTimeout
                0x0000000008001acc       0x98 ./system/src/stm32f4-hal/stm32f4xx_hal_i2c.o
 .text.I2C_WaitOnTXEFlagUntilTimeout
                0x0000000008001b64       0x54 ./system/src/stm32f4-hal/stm32f4xx_hal_i2c.o
 .text.I2C_RequestMemoryWrite
                0x0000000008001bb8       0xc8 ./system/src/stm32f4-hal/stm32f4xx_hal_i2c.o
 .text.I2C_RequestMemoryRead
                0x0000000008001c80      0x130 ./system/src/stm32f4-hal/stm32f4xx_hal_i2c.o
 .text.I2C_WaitOnRXNEFlagUntilTimeout
                0x0000000008001db0       0x64 ./system/src/stm32f4-hal/stm32f4xx_hal_i2c.o
 .text.HAL_I2C_MspInit
                0x0000000008001e14        0x4 ./system/src/stm32f4-hal/stm32f4xx_hal_i2c.o
                0x0000000008001e14                HAL_I2C_MspInit
 .text.HAL_I2C_Init
                0x0000000008001e18      0x1e8 ./system/src/stm32f4-hal/stm32f4xx_hal_i2c.o
                0x0000000008001e18                HAL_I2C_Init
 .text.HAL_I2C_MspDeInit
                0x0000000008002000        0x4 ./system/src/stm32f4-hal/stm32f4xx_hal_i2c.o
                0x0000000008002000                HAL_I2C_MspDeInit
 .text.HAL_I2C_DeInit
                0x0000000008002004       0x60 ./system/src/stm32f4-hal/stm32f4xx_hal_i2c.o
                0x0000000008002004                HAL_I2C_DeInit
 .text.HAL_I2C_Mem_Write
                0x0000000008002064      0x148 ./system/src/stm32f4-hal/stm32f4xx_hal_i2c.o
                0x0000000008002064                HAL_I2C_Mem_Write
 .text.HAL_I2C_Mem_Read
                0x00000000080021ac      0x270 ./system/src/stm32f4-hal/stm32f4xx_hal_i2c.o
                0x00000000080021ac                HAL_I2C_Mem_Read
 .text.HAL_I2C_GetState
                0x000000000800241c        0x8 ./system/src/stm32f4-hal/stm32f4xx_hal_i2c.o
                0x000000000800241c                HAL_I2C_GetState
 .text.HAL_I2S_MspInit
                0x0000000008002424        0x4 ./system/src/stm32f4-hal/stm32f4xx_hal_i2s.o
                0x0000000008002424                HAL_I2S_MspInit
 .text.HAL_I2S_Transmit_DMA
                0x0000000008002428       0xbc ./system/src/stm32f4-hal/stm32f4xx_hal_i2s.o
                0x0000000008002428                HAL_I2S_Transmit_DMA
 .text.I2S_DMATxHalfCplt
                0x00000000080024e4        0xc ./system/src/stm32f4-hal/stm32f4xx_hal_i2s.o
                0x00000000080024e4                I2S_DMATxHalfCplt
 .text.I2S_DMAError
                0x00000000080024f0       0x20 ./system/src/stm32f4-hal/stm32f4xx_hal_i2s.o
                0x00000000080024f0                I2S_DMAError
 .text.HAL_I2S_GetState
                0x0000000008002510        0x8 ./system/src/stm32f4-hal/stm32f4xx_hal_i2s.o
                0x0000000008002510                HAL_I2S_GetState
 .text.I2S_DMATxCplt
                0x0000000008002518       0x98 ./system/src/stm32f4-hal/stm32f4xx_hal_i2s_ex.o
                0x0000000008002518                I2S_DMATxCplt
 .text.HAL_I2S_DMAPause
                0x00000000080025b0       0xcc ./system/src/stm32f4-hal/stm32f4xx_hal_i2s_ex.o
                0x00000000080025b0                HAL_I2S_DMAPause
 .text.HAL_I2S_DMAResume
                0x000000000800267c       0xdc ./system/src/stm32f4-hal/stm32f4xx_hal_i2s_ex.o
                0x000000000800267c                HAL_I2S_DMAResume
 .text.HAL_I2S_DMAStop
                0x0000000008002758       0xe0 ./system/src/stm32f4-hal/stm32f4xx_hal_i2s_ex.o
                0x0000000008002758                HAL_I2S_DMAStop
 .text.I2S_GetInputClock
                0x0000000008002838       0x68 ./system/src/stm32f4-hal/stm32f4xx_hal_i2s_ex.o
                0x0000000008002838                I2S_GetInputClock
 .text.HAL_I2S_Init
                0x00000000080028a0      0x238 ./system/src/stm32f4-hal/stm32f4xx_hal_i2s_ex.o
                0x00000000080028a0                HAL_I2S_Init
 .text.HAL_RCC_OscConfig
                0x0000000008002ad8      0x448 ./system/src/stm32f4-hal/stm32f4xx_hal_rcc.o
                0x0000000008002ad8                HAL_RCC_OscConfig
 .text.HAL_RCC_ClockConfig
                0x0000000008002f20      0x22c ./system/src/stm32f4-hal/stm32f4xx_hal_rcc.o
                0x0000000008002f20                HAL_RCC_ClockConfig
 .text.HAL_RCC_GetSysClockFreq
                0x000000000800314c       0xa0 ./system/src/stm32f4-hal/stm32f4xx_hal_rcc.o
                0x000000000800314c                HAL_RCC_GetSysClockFreq
 .text.HAL_RCC_GetHCLKFreq
                0x00000000080031ec       0x34 ./system/src/stm32f4-hal/stm32f4xx_hal_rcc.o
                0x00000000080031ec                HAL_RCC_GetHCLKFreq
 .text.HAL_RCC_GetPCLK1Freq
                0x0000000008003220       0x30 ./system/src/stm32f4-hal/stm32f4xx_hal_rcc.o
                0x0000000008003220                HAL_RCC_GetPCLK1Freq
 .text.HAL_RCCEx_PeriphCLKConfig
                0x0000000008003250      0x1b0 ./system/src/stm32f4-hal/stm32f4xx_hal_rcc_ex.o
                0x0000000008003250                HAL_RCCEx_PeriphCLKConfig
 .text.HAL_RCCEx_GetPeriphCLKConfig
                0x0000000008003400       0x50 ./system/src/stm32f4-hal/stm32f4xx_hal_rcc_ex.o
                0x0000000008003400                HAL_RCCEx_GetPeriphCLKConfig
 .text.SPI_WaitFlagStateUntilTimeout
                0x0000000008003450       0x88 ./system/src/stm32f4-hal/stm32f4xx_hal_spi.o
 .text.SPI_CheckFlag_BSY
                0x00000000080034d8       0x28 ./system/src/stm32f4-hal/stm32f4xx_hal_spi.o
 .text.HAL_SPI_MspInit
                0x0000000008003500        0x4 ./system/src/stm32f4-hal/stm32f4xx_hal_spi.o
                0x0000000008003500                HAL_SPI_MspInit
 .text.HAL_SPI_Init
                0x0000000008003504      0x1bc ./system/src/stm32f4-hal/stm32f4xx_hal_spi.o
                0x0000000008003504                HAL_SPI_Init
 .text.HAL_SPI_MspDeInit
                0x00000000080036c0        0x4 ./system/src/stm32f4-hal/stm32f4xx_hal_spi.o
                0x00000000080036c0                HAL_SPI_MspDeInit
 .text.HAL_SPI_DeInit
                0x00000000080036c4       0x58 ./system/src/stm32f4-hal/stm32f4xx_hal_spi.o
                0x00000000080036c4                HAL_SPI_DeInit
 .text.HAL_SPI_TransmitReceive
                0x000000000800371c      0x25c ./system/src/stm32f4-hal/stm32f4xx_hal_spi.o
                0x000000000800371c                HAL_SPI_TransmitReceive
 .text.HAL_SPI_GetState
                0x0000000008003978        0x8 ./system/src/stm32f4-hal/stm32f4xx_hal_spi.o
                0x0000000008003978                HAL_SPI_GetState
 .text.TIM_OC1_SetConfig
                0x0000000008003980       0x68 ./system/src/stm32f4-hal/stm32f4xx_hal_tim.o
 .text.TIM_OC3_SetConfig
                0x00000000080039e8       0xb4 ./system/src/stm32f4-hal/stm32f4xx_hal_tim.o
 .text.TIM_OC4_SetConfig
                0x0000000008003a9c       0x7c ./system/src/stm32f4-hal/stm32f4xx_hal_tim.o
 .text.HAL_TIM_OC_MspInit
                0x0000000008003b18        0x4 ./system/src/stm32f4-hal/stm32f4xx_hal_tim.o
                0x0000000008003b18                HAL_TIM_OC_MspInit
 .text.HAL_TIM_ReadCapturedValue
                0x0000000008003b1c      0x17c ./system/src/stm32f4-hal/stm32f4xx_hal_tim.o
                0x0000000008003b1c                HAL_TIM_ReadCapturedValue
 .text.HAL_TIM_PeriodElapsedCallback
                0x0000000008003c98        0x4 ./system/src/stm32f4-hal/stm32f4xx_hal_tim.o
                0x0000000008003c98                HAL_TIM_PeriodElapsedCallback
 .text.HAL_TIM_IC_CaptureCallback
                0x0000000008003c9c        0x4 ./system/src/stm32f4-hal/stm32f4xx_hal_tim.o
                0x0000000008003c9c                HAL_TIM_IC_CaptureCallback
 .text.HAL_TIM_PWM_PulseFinishedCallback
                0x0000000008003ca0        0x4 ./system/src/stm32f4-hal/stm32f4xx_hal_tim.o
                0x0000000008003ca0                HAL_TIM_PWM_PulseFinishedCallback
 .text.HAL_TIM_TriggerCallback
                0x0000000008003ca4        0x4 ./system/src/stm32f4-hal/stm32f4xx_hal_tim.o
                0x0000000008003ca4                HAL_TIM_TriggerCallback
 .text.HAL_TIM_IRQHandler
                0x0000000008003ca8      0x174 ./system/src/stm32f4-hal/stm32f4xx_hal_tim.o
                0x0000000008003ca8                HAL_TIM_IRQHandler
 .text.TIM_Base_SetConfig
                0x0000000008003e1c      0x11c ./system/src/stm32f4-hal/stm32f4xx_hal_tim.o
                0x0000000008003e1c                TIM_Base_SetConfig
 .text.HAL_TIM_OC_Init
                0x0000000008003f38       0xf4 ./system/src/stm32f4-hal/stm32f4xx_hal_tim.o
                0x0000000008003f38                HAL_TIM_OC_Init
 .text.TIM_OC2_SetConfig
                0x000000000800402c       0x90 ./system/src/stm32f4-hal/stm32f4xx_hal_tim.o
                0x000000000800402c                TIM_OC2_SetConfig
 .text.HAL_TIM_OC_ConfigChannel
                0x00000000080040bc      0x1e8 ./system/src/stm32f4-hal/stm32f4xx_hal_tim.o
                0x00000000080040bc                HAL_TIM_OC_ConfigChannel
 .text.TIM_CCxChannelCmd
                0x00000000080042a4       0xac ./system/src/stm32f4-hal/stm32f4xx_hal_tim.o
                0x00000000080042a4                TIM_CCxChannelCmd
 .text.HAL_TIM_OC_Start_IT
                0x0000000008004350      0x124 ./system/src/stm32f4-hal/stm32f4xx_hal_tim.o
                0x0000000008004350                HAL_TIM_OC_Start_IT
 .text.HAL_TIMEx_CommutationCallback
                0x0000000008004474        0x4 ./system/src/stm32f4-hal/stm32f4xx_hal_tim_ex.o
                0x0000000008004474                HAL_TIMEx_CommutationCallback
 .text.HAL_TIMEx_BreakCallback
                0x0000000008004478        0x4 ./system/src/stm32f4-hal/stm32f4xx_hal_tim_ex.o
                0x0000000008004478                HAL_TIMEx_BreakCallback
 .text.USB_CoreInit
                0x000000000800447c       0x78 ./system/src/stm32f4-hal/stm32f4xx_ll_usb.o
                0x000000000800447c                USB_CoreInit
 .text.USB_EnableGlobalInt
                0x00000000080044f4        0xc ./system/src/stm32f4-hal/stm32f4xx_ll_usb.o
                0x00000000080044f4                USB_EnableGlobalInt
 .text.USB_DisableGlobalInt
                0x0000000008004500        0xc ./system/src/stm32f4-hal/stm32f4xx_ll_usb.o
                0x0000000008004500                USB_DisableGlobalInt
 .text.USB_SetCurrentMode
                0x000000000800450c       0x2c ./system/src/stm32f4-hal/stm32f4xx_ll_usb.o
                0x000000000800450c                USB_SetCurrentMode
 .text.USB_FlushTxFifo
                0x0000000008004538       0x28 ./system/src/stm32f4-hal/stm32f4xx_ll_usb.o
                0x0000000008004538                USB_FlushTxFifo
 .text.USB_FlushRxFifo
                0x0000000008004560       0x24 ./system/src/stm32f4-hal/stm32f4xx_ll_usb.o
                0x0000000008004560                USB_FlushRxFifo
 .text.USB_WritePacket
                0x0000000008004584       0x2c ./system/src/stm32f4-hal/stm32f4xx_ll_usb.o
                0x0000000008004584                USB_WritePacket
 .text.USB_ReadPacket
                0x00000000080045b0       0x20 ./system/src/stm32f4-hal/stm32f4xx_ll_usb.o
                0x00000000080045b0                USB_ReadPacket
 .text.USB_ReadInterrupts
                0x00000000080045d0        0x8 ./system/src/stm32f4-hal/stm32f4xx_ll_usb.o
                0x00000000080045d0                USB_ReadInterrupts
 .text.USB_GetMode
                0x00000000080045d8        0x8 ./system/src/stm32f4-hal/stm32f4xx_ll_usb.o
                0x00000000080045d8                USB_GetMode
 .text.USB_CoreReset
                0x00000000080045e0       0x3c ./system/src/stm32f4-hal/stm32f4xx_ll_usb.o
 .text.USB_HostInit
                0x000000000800461c       0xec ./system/src/stm32f4-hal/stm32f4xx_ll_usb.o
                0x000000000800461c                USB_HostInit
 .text.USB_InitFSLSPClkSel
                0x0000000008004708       0x3c ./system/src/stm32f4-hal/stm32f4xx_ll_usb.o
                0x0000000008004708                USB_InitFSLSPClkSel
 .text.USB_ResetPort
                0x0000000008004744       0x34 ./system/src/stm32f4-hal/stm32f4xx_ll_usb.o
                0x0000000008004744                USB_ResetPort
 .text.USB_DriveVbus
                0x0000000008004778       0x40 ./system/src/stm32f4-hal/stm32f4xx_ll_usb.o
                0x0000000008004778                USB_DriveVbus
 .text.USB_GetHostSpeed
                0x00000000080047b8       0x14 ./system/src/stm32f4-hal/stm32f4xx_ll_usb.o
                0x00000000080047b8                USB_GetHostSpeed
 .text.USB_GetCurrentFrame
                0x00000000080047cc        0xc ./system/src/stm32f4-hal/stm32f4xx_ll_usb.o
                0x00000000080047cc                USB_GetCurrentFrame
 .text.USB_HC_Init
                0x00000000080047d8       0xe8 ./system/src/stm32f4-hal/stm32f4xx_ll_usb.o
                0x00000000080047d8                USB_HC_Init
 .text.USB_HC_StartXfer
                0x00000000080048c0      0x27c ./system/src/stm32f4-hal/stm32f4xx_ll_usb.o
                0x00000000080048c0                USB_HC_StartXfer
 .text.USB_HC_ReadInterrupt
                0x0000000008004b3c       0x1c ./system/src/stm32f4-hal/stm32f4xx_ll_usb.o
                0x0000000008004b3c                USB_HC_ReadInterrupt
 .text.USB_HC_Halt
                0x0000000008004b58      0x1fc ./system/src/stm32f4-hal/stm32f4xx_ll_usb.o
                0x0000000008004b58                USB_HC_Halt
 .text.USB_DoPing
                0x0000000008004d54       0x74 ./system/src/stm32f4-hal/stm32f4xx_ll_usb.o
                0x0000000008004d54                USB_DoPing
 .text.USB_StopHost
                0x0000000008004dc8      0x104 ./system/src/stm32f4-hal/stm32f4xx_ll_usb.o
                0x0000000008004dc8                USB_StopHost
 .text._exit    0x0000000008004ecc        0x4 ./system/src/newlib/_exit.o
                0x0000000008004ecc                _exit
 .text._sbrk    0x0000000008004ed0       0x44 ./system/src/newlib/_sbrk.o
                0x0000000008004ed0                _sbrk
 .text.__initialize_args
                0x0000000008004f14       0x10 ./system/src/newlib/_syscalls.o
                0x0000000008004f14                __initialize_args
 .text.trace_printf
                0x0000000008004f24       0x30 ./system/src/diag/Trace.o
                0x0000000008004f24                trace_printf
 .text._trace_write_itm
                0x0000000008004f54       0x48 ./system/src/diag/trace_impl.o
 .text.trace_write
                0x0000000008004f9c        0x8 ./system/src/diag/trace_impl.o
                0x0000000008004f9c                trace_write
 .text.__initialize_hardware_early
                0x0000000008004fa4       0x18 ./system/src/cortexm/_initialize_hardware.o
                0x0000000008004fa4                __initialize_hardware_early
 .text.__initialize_hardware
                0x0000000008004fbc        0x8 ./system/src/cortexm/_initialize_hardware.o
                0x0000000008004fbc                __initialize_hardware
 .text.dumpExceptionStack
                0x0000000008004fc4       0xf0 ./system/src/cortexm/exception_handlers.o
                0x0000000008004fc4                dumpExceptionStack
 .text.SystemInit
                0x00000000080050b4       0x40 ./system/src/cmsis/system_stm32f4xx.o
                0x00000000080050b4                SystemInit
 .text.SystemCoreClockUpdate
                0x00000000080050f4       0xa0 ./system/src/cmsis/system_stm32f4xx.o
                0x00000000080050f4                SystemCoreClockUpdate
 .text.cs43l22_SetFrequency
                0x0000000008005194        0x4 ./src/cs43l22.o
                0x0000000008005194                cs43l22_SetFrequency
 .text.cs43l22_Reset
                0x0000000008005198        0x4 ./src/cs43l22.o
                0x0000000008005198                cs43l22_Reset
 .text.CODEC_IO_Write
                0x000000000800519c        0xc ./src/cs43l22.o
 .text.cs43l22_SetVolume
                0x00000000080051a8       0x64 ./src/cs43l22.o
                0x00000000080051a8                cs43l22_SetVolume
 .text.cs43l22_Init
                0x000000000800520c       0xf8 ./src/cs43l22.o
                0x000000000800520c                cs43l22_Init
 .text.cs43l22_SetMute
                0x0000000008005304       0x5c ./src/cs43l22.o
                0x0000000008005304                cs43l22_SetMute
 .text.cs43l22_Play
                0x0000000008005360       0x40 ./src/cs43l22.o
                0x0000000008005360                cs43l22_Play
 .text.cs43l22_Pause
                0x00000000080053a0       0x1c ./src/cs43l22.o
                0x00000000080053a0                cs43l22_Pause
 .text.cs43l22_Resume
                0x00000000080053bc       0x48 ./src/cs43l22.o
                0x00000000080053bc                cs43l22_Resume
 .text.cs43l22_Stop
                0x0000000008005404       0x34 ./src/cs43l22.o
                0x0000000008005404                cs43l22_Stop
 .text.cs43l22_SetOutputMode
                0x0000000008005438       0x70 ./src/cs43l22.o
                0x0000000008005438                cs43l22_SetOutputMode
 .text.cs43l22_DeInit
                0x00000000080054a8        0x8 ./src/cs43l22.o
                0x00000000080054a8                cs43l22_DeInit
 .text.cs43l22_ReadID
                0x00000000080054b0       0x18 ./src/cs43l22.o
                0x00000000080054b0                cs43l22_ReadID
 .text.mem_cpy  0x00000000080054c8       0x14 ./src/ff.o
 .text.mem_set  0x00000000080054dc       0x10 ./src/ff.o
 .text.mem_cmp  0x00000000080054ec       0x24 ./src/ff.o
 .text.chk_chr  0x0000000008005510       0x14 ./src/ff.o
 .text.chk_lock
                0x0000000008005524       0x8c ./src/ff.o
 .text.enq_lock
                0x00000000080055b0       0x24 ./src/ff.o
 .text.inc_lock
                0x00000000080055d4       0xd0 ./src/ff.o
 .text.dec_lock
                0x00000000080056a4       0x48 ./src/ff.o
 .text.clear_lock
                0x00000000080056ec       0x30 ./src/ff.o
 .text.clmt_clust
                0x000000000800571c       0x2c ./src/ff.o
 .text.ld_clust
                0x0000000008005748       0x20 ./src/ff.o
 .text.st_clust
                0x0000000008005768       0x14 ./src/ff.o
 .text.create_name
                0x000000000800577c      0x118 ./src/ff.o
 .text.get_ldnumber
                0x0000000008005894       0x58 ./src/ff.o
 .text.sync_window
                0x00000000080058ec       0x64 ./src/ff.o
 .text.move_window
                0x0000000008005950       0x38 ./src/ff.o
 .text.check_fs
                0x0000000008005988       0x94 ./src/ff.o
 .text.validate
                0x0000000008005a1c       0x44 ./src/ff.o
 .text.find_volume
                0x0000000008005a60      0x384 ./src/ff.o
 .text.sync_fs  0x0000000008005de4       0xc4 ./src/ff.o
 .text.clust2sect
                0x0000000008005ea8       0x20 ./src/ff.o
                0x0000000008005ea8                clust2sect
 .text.get_fat  0x0000000008005ec8       0xe0 ./src/ff.o
                0x0000000008005ec8                get_fat
 .text.dir_sdi  0x0000000008005fa8       0xb4 ./src/ff.o
 .text.put_fat  0x000000000800605c      0x120 ./src/ff.o
                0x000000000800605c                put_fat
 .text.create_chain
                0x000000000800617c       0xcc ./src/ff.o
 .text.dir_next
                0x0000000008006248      0x158 ./src/ff.o
 .text.dir_find
                0x00000000080063a0       0x54 ./src/ff.o
 .text.follow_path
                0x00000000080063f4       0x8c ./src/ff.o
 .text.dir_alloc
                0x0000000008006480       0x50 ./src/ff.o
 .text.dir_register
                0x00000000080064d0       0x48 ./src/ff.o
 .text.remove_chain
                0x0000000008006518       0x74 ./src/ff.o
 .text.f_mount  0x000000000800658c       0x60 ./src/ff.o
                0x000000000800658c                f_mount
 .text.f_open   0x00000000080065ec      0x1b4 ./src/ff.o
                0x00000000080065ec                f_open
 .text.f_read   0x00000000080067a0      0x1b8 ./src/ff.o
                0x00000000080067a0                f_read
 .text.f_sync   0x0000000008006958       0xc4 ./src/ff.o
                0x0000000008006958                f_sync
 .text.f_close  0x0000000008006a1c       0x2c ./src/ff.o
                0x0000000008006a1c                f_close
 .text.f_lseek  0x0000000008006a48      0x334 ./src/ff.o
                0x0000000008006a48                f_lseek
 .text.f_opendir
                0x0000000008006d7c       0xa4 ./src/ff.o
                0x0000000008006d7c                f_opendir
 .text.FATFS_LinkDriverEx
                0x0000000008006e20       0x4c ./src/ff_gen_drv.o
                0x0000000008006e20                FATFS_LinkDriverEx
 .text.FATFS_LinkDriver
                0x0000000008006e6c        0xc ./src/ff_gen_drv.o
                0x0000000008006e6c                FATFS_LinkDriver
 .text.LIS302DL_DeInit
                0x0000000008006e78        0x4 ./src/lis302dl.o
                0x0000000008006e78                LIS302DL_DeInit
 .text.LIS302DL_Init
                0x0000000008006e7c       0x24 ./src/lis302dl.o
                0x0000000008006e7c                LIS302DL_Init
 .text.LIS302DL_ReadID
                0x0000000008006ea0       0x24 ./src/lis302dl.o
                0x0000000008006ea0                LIS302DL_ReadID
 .text.LIS302DL_FilterConfig
                0x0000000008006ec4       0x34 ./src/lis302dl.o
                0x0000000008006ec4                LIS302DL_FilterConfig
 .text.LIS302DL_Click_IntClear
                0x0000000008006ef8       0x24 ./src/lis302dl.o
                0x0000000008006ef8                LIS302DL_Click_IntClear
 .text.LIS302DL_RebootCmd
                0x0000000008006f1c       0x30 ./src/lis302dl.o
                0x0000000008006f1c                LIS302DL_RebootCmd
 .text.LIS302DL_ReadACC
                0x0000000008006f4c       0x68 ./src/lis302dl.o
                0x0000000008006f4c                LIS302DL_ReadACC
 .text.LIS302DL_InterruptConfig
                0x0000000008006fb4       0x34 ./src/lis302dl.o
                0x0000000008006fb4                LIS302DL_InterruptConfig
 .text.LIS302DL_Click_IntConfig
                0x0000000008006fe8       0xac ./src/lis302dl.o
                0x0000000008006fe8                LIS302DL_Click_IntConfig
 .text.LIS3DSH_DeInit
                0x0000000008007094        0x4 ./src/lis3dsh.o
                0x0000000008007094                LIS3DSH_DeInit
 .text.LIS3DSH_Init
                0x0000000008007098       0x34 ./src/lis3dsh.o
                0x0000000008007098                LIS3DSH_Init
 .text.LIS3DSH_ReadID
                0x00000000080070cc       0x24 ./src/lis3dsh.o
                0x00000000080070cc                LIS3DSH_ReadID
 .text.LIS3DSH_RebootCmd
                0x00000000080070f0       0x30 ./src/lis3dsh.o
                0x00000000080070f0                LIS3DSH_RebootCmd
 .text.LIS3DSH_ReadACC
                0x0000000008007120       0xe4 ./src/lis3dsh.o
                0x0000000008007120                LIS3DSH_ReadACC
 .text.LIS3DSH_InterruptConfig
                0x0000000008007204       0x4c ./src/lis3dsh.o
                0x0000000008007204                LIS3DSH_InterruptConfig
 .text.LIS3DSH_Click_IntConfig
                0x0000000008007250       0xd8 ./src/lis3dsh.o
                0x0000000008007250                LIS3DSH_Click_IntConfig
 .text.USBH_UserProcess
                0x0000000008007328       0x30 ./src/main.o
 .text.COMMAND_AudioExecuteApplication
                0x0000000008007358       0x2c ./src/main.o
 .text.Error_Handler
                0x0000000008007384        0xc ./src/main.o
                0x0000000008007384                Error_Handler
 .text.SystemClock_Config
                0x0000000008007390       0xac ./src/main.o
 .text.TIM_LED_Config
                0x000000000800743c       0xb4 ./src/main.o
 .text.MSC_Application
                0x00000000080074f0       0x3c ./src/main.o
 .text.main     0x000000000800752c       0xb0 ./src/main.o
                0x000000000800752c                main
 .text.HAL_TIM_OC_DelayElapsedCallback
                0x00000000080075dc       0xc0 ./src/main.o
                0x00000000080075dc                HAL_TIM_OC_DelayElapsedCallback
 .text.HAL_GPIO_EXTI_Callback
                0x000000000800769c       0x8c ./src/main.o
                0x000000000800769c                HAL_GPIO_EXTI_Callback
 .text.assert_failed
                0x0000000008007728        0x4 ./src/main.o
                0x0000000008007728                assert_failed
 .text.SPIx_MspInit
                0x000000000800772c       0x58 ./src/stm32f4_discovery.o
 .text.I2Cx_MspInit
                0x0000000008007784       0x88 ./src/stm32f4_discovery.o
 .text.SPIx_Init
                0x000000000800780c       0x48 ./src/stm32f4_discovery.o
 .text.SPIx_Error
                0x0000000008007854       0x14 ./src/stm32f4_discovery.o
 .text.SPIx_WriteRead
                0x0000000008007868       0x3c ./src/stm32f4_discovery.o
 .text.I2Cx_Init
                0x00000000080078a4       0x3c ./src/stm32f4_discovery.o
 .text.I2Cx_Error
                0x00000000080078e0       0x14 ./src/stm32f4_discovery.o
 .text.I2Cx_WriteData
                0x00000000080078f4       0x38 ./src/stm32f4_discovery.o
 .text.I2Cx_ReadData
                0x000000000800792c       0x3c ./src/stm32f4_discovery.o
 .text.BSP_LED_Init
                0x0000000008007968       0xb4 ./src/stm32f4_discovery.o
                0x0000000008007968                BSP_LED_Init
 .text.BSP_LED_On
                0x0000000008007a1c       0x20 ./src/stm32f4_discovery.o
                0x0000000008007a1c                BSP_LED_On
 .text.BSP_LED_Off
                0x0000000008007a3c       0x20 ./src/stm32f4_discovery.o
                0x0000000008007a3c                BSP_LED_Off
 .text.BSP_LED_Toggle
                0x0000000008007a5c       0x1c ./src/stm32f4_discovery.o
                0x0000000008007a5c                BSP_LED_Toggle
 .text.BSP_PB_Init
                0x0000000008007a78       0x80 ./src/stm32f4_discovery.o
                0x0000000008007a78                BSP_PB_Init
 .text.ACCELERO_IO_Init
                0x0000000008007af8       0x4c ./src/stm32f4_discovery.o
                0x0000000008007af8                ACCELERO_IO_Init
 .text.ACCELERO_IO_ITConfig
                0x0000000008007b44       0x50 ./src/stm32f4_discovery.o
                0x0000000008007b44                ACCELERO_IO_ITConfig
 .text.ACCELERO_IO_Write
                0x0000000008007b94       0x44 ./src/stm32f4_discovery.o
                0x0000000008007b94                ACCELERO_IO_Write
 .text.ACCELERO_IO_Read
                0x0000000008007bd8       0x48 ./src/stm32f4_discovery.o
                0x0000000008007bd8                ACCELERO_IO_Read
 .text.AUDIO_IO_Init
                0x0000000008007c20       0x64 ./src/stm32f4_discovery.o
                0x0000000008007c20                AUDIO_IO_Init
 .text.AUDIO_IO_DeInit
                0x0000000008007c84        0x4 ./src/stm32f4_discovery.o
                0x0000000008007c84                AUDIO_IO_DeInit
 .text.AUDIO_IO_Write
                0x0000000008007c88        0x8 ./src/stm32f4_discovery.o
                0x0000000008007c88                AUDIO_IO_Write
 .text.AUDIO_IO_Read
                0x0000000008007c90        0x8 ./src/stm32f4_discovery.o
                0x0000000008007c90                AUDIO_IO_Read
 .text.BSP_ACCELERO_Init
                0x0000000008007c98       0x4c ./src/stm32f4_discovery_accelerometer.o
                0x0000000008007c98                BSP_ACCELERO_Init
 .text.BSP_ACCELERO_ReadID
                0x0000000008007ce4       0x18 ./src/stm32f4_discovery_accelerometer.o
                0x0000000008007ce4                BSP_ACCELERO_ReadID
 .text.BSP_ACCELERO_Click_ITConfig
                0x0000000008007cfc       0x14 ./src/stm32f4_discovery_accelerometer.o
                0x0000000008007cfc                BSP_ACCELERO_Click_ITConfig
 .text.BSP_ACCELERO_Click_ITClear
                0x0000000008007d10       0x14 ./src/stm32f4_discovery_accelerometer.o
                0x0000000008007d10                BSP_ACCELERO_Click_ITClear
 .text.I2S3_MspInit
                0x0000000008007d24      0x120 ./src/stm32f4_discovery_audio.o
 .text.I2S3_Init
                0x0000000008007e44       0x40 ./src/stm32f4_discovery_audio.o
 .text.BSP_AUDIO_OUT_Init
                0x0000000008007e84       0x74 ./src/stm32f4_discovery_audio.o
                0x0000000008007e84                BSP_AUDIO_OUT_Init
 .text.BSP_AUDIO_OUT_Play
                0x0000000008007ef8       0x40 ./src/stm32f4_discovery_audio.o
                0x0000000008007ef8                BSP_AUDIO_OUT_Play
 .text.BSP_AUDIO_OUT_ChangeBuffer
                0x0000000008007f38       0x14 ./src/stm32f4_discovery_audio.o
                0x0000000008007f38                BSP_AUDIO_OUT_ChangeBuffer
 .text.BSP_AUDIO_OUT_Pause
                0x0000000008007f4c       0x24 ./src/stm32f4_discovery_audio.o
                0x0000000008007f4c                BSP_AUDIO_OUT_Pause
 .text.BSP_AUDIO_OUT_Resume
                0x0000000008007f70       0x24 ./src/stm32f4_discovery_audio.o
                0x0000000008007f70                BSP_AUDIO_OUT_Resume
 .text.BSP_AUDIO_OUT_Stop
                0x0000000008007f94       0x44 ./src/stm32f4_discovery_audio.o
                0x0000000008007f94                BSP_AUDIO_OUT_Stop
 .text.HAL_I2S_TxCpltCallback
                0x0000000008007fd8       0x14 ./src/stm32f4_discovery_audio.o
                0x0000000008007fd8                HAL_I2S_TxCpltCallback
 .text.HAL_I2S_TxHalfCpltCallback
                0x0000000008007fec       0x14 ./src/stm32f4_discovery_audio.o
                0x0000000008007fec                HAL_I2S_TxHalfCpltCallback
 .text.BSP_AUDIO_IN_Error_Callback
                0x0000000008008000        0x4 ./src/stm32f4_discovery_audio.o
                0x0000000008008000                BSP_AUDIO_IN_Error_Callback
 .text.HAL_I2S_ErrorCallback
                0x0000000008008004       0x28 ./src/stm32f4_discovery_audio.o
                0x0000000008008004                HAL_I2S_ErrorCallback
 .text.NMI_Handler
                0x000000000800802c        0x4 ./src/stm32f4xx_it.o
                0x000000000800802c                NMI_Handler
 .text.HardFault_Handler
                0x0000000008008030        0x4 ./src/stm32f4xx_it.o
                0x0000000008008030                HardFault_Handler
 .text.MemManage_Handler
                0x0000000008008034        0x4 ./src/stm32f4xx_it.o
                0x0000000008008034                MemManage_Handler
 .text.BusFault_Handler
                0x0000000008008038        0x4 ./src/stm32f4xx_it.o
                0x0000000008008038                BusFault_Handler
 .text.UsageFault_Handler
                0x000000000800803c        0x4 ./src/stm32f4xx_it.o
                0x000000000800803c                UsageFault_Handler
 .text.SVC_Handler
                0x0000000008008040        0x4 ./src/stm32f4xx_it.o
                0x0000000008008040                SVC_Handler
 .text.DebugMon_Handler
                0x0000000008008044        0x4 ./src/stm32f4xx_it.o
                0x0000000008008044                DebugMon_Handler
 .text.PendSV_Handler
                0x0000000008008048        0x4 ./src/stm32f4xx_it.o
                0x0000000008008048                PendSV_Handler
 .text.SysTick_Handler
                0x000000000800804c       0x20 ./src/stm32f4xx_it.o
                0x000000000800804c                SysTick_Handler
 .text.EXTI0_IRQHandler
                0x000000000800806c        0xc ./src/stm32f4xx_it.o
                0x000000000800806c                EXTI0_IRQHandler
 .text.EXTI1_IRQHandler
                0x0000000008008078        0xc ./src/stm32f4xx_it.o
                0x0000000008008078                EXTI1_IRQHandler
 .text.DMA1_Stream7_IRQHandler
                0x0000000008008084       0x10 ./src/stm32f4xx_it.o
                0x0000000008008084                DMA1_Stream7_IRQHandler
 .text.DMA1_Stream3_IRQHandler
                0x0000000008008094       0x10 ./src/stm32f4xx_it.o
                0x0000000008008094                DMA1_Stream3_IRQHandler
 .text.TIM4_IRQHandler
                0x00000000080080a4       0x10 ./src/stm32f4xx_it.o
                0x00000000080080a4                TIM4_IRQHandler
 .text.OTG_FS_IRQHandler
                0x00000000080080b4       0x10 ./src/stm32f4xx_it.o
                0x00000000080080b4                OTG_FS_IRQHandler
 .text.HAL_HCD_MspInit
                0x00000000080080c4       0xd0 ./src/usbh_conf.o
                0x00000000080080c4                HAL_HCD_MspInit
 .text.HAL_HCD_SOF_Callback
                0x0000000008008194        0xc ./src/usbh_conf.o
                0x0000000008008194                HAL_HCD_SOF_Callback
 .text.HAL_HCD_Connect_Callback
                0x00000000080081a0        0xc ./src/usbh_conf.o
                0x00000000080081a0                HAL_HCD_Connect_Callback
 .text.HAL_HCD_Disconnect_Callback
                0x00000000080081ac        0xc ./src/usbh_conf.o
                0x00000000080081ac                HAL_HCD_Disconnect_Callback
 .text.HAL_HCD_HC_NotifyURBChange_Callback
                0x00000000080081b8        0x4 ./src/usbh_conf.o
                0x00000000080081b8                HAL_HCD_HC_NotifyURBChange_Callback
 .text.USBH_LL_Init
                0x00000000080081bc       0x50 ./src/usbh_conf.o
                0x00000000080081bc                USBH_LL_Init
 .text.USBH_LL_Start
                0x000000000800820c       0x10 ./src/usbh_conf.o
                0x000000000800820c                USBH_LL_Start
 .text.USBH_LL_Stop
                0x000000000800821c       0x10 ./src/usbh_conf.o
                0x000000000800821c                USBH_LL_Stop
 .text.USBH_LL_GetSpeed
                0x000000000800822c       0x20 ./src/usbh_conf.o
                0x000000000800822c                USBH_LL_GetSpeed
 .text.USBH_LL_ResetPort
                0x000000000800824c       0x10 ./src/usbh_conf.o
                0x000000000800824c                USBH_LL_ResetPort
 .text.USBH_LL_GetLastXferSize
                0x000000000800825c        0xc ./src/usbh_conf.o
                0x000000000800825c                USBH_LL_GetLastXferSize
 .text.USBH_LL_OpenPipe
                0x0000000008008268       0x24 ./src/usbh_conf.o
                0x0000000008008268                USBH_LL_OpenPipe
 .text.USBH_LL_ClosePipe
                0x000000000800828c       0x10 ./src/usbh_conf.o
                0x000000000800828c                USBH_LL_ClosePipe
 .text.USBH_LL_SubmitURB
                0x000000000800829c       0x28 ./src/usbh_conf.o
                0x000000000800829c                USBH_LL_SubmitURB
 .text.USBH_LL_GetURBState
                0x00000000080082c4        0xc ./src/usbh_conf.o
                0x00000000080082c4                USBH_LL_GetURBState
 .text.USBH_LL_DriverVBUS
                0x00000000080082d0       0x28 ./src/usbh_conf.o
                0x00000000080082d0                USBH_LL_DriverVBUS
 .text.USBH_LL_SetToggle
                0x00000000080082f8       0x34 ./src/usbh_conf.o
                0x00000000080082f8                USBH_LL_SetToggle
 .text.USBH_LL_GetToggle
                0x000000000800832c       0x34 ./src/usbh_conf.o
                0x000000000800832c                USBH_LL_GetToggle
 .text.USBH_Delay
                0x0000000008008360        0x8 ./src/usbh_conf.o
                0x0000000008008360                USBH_Delay
 .text.DeInitStateMachine
                0x0000000008008368       0x4c ./src/usbh_core.o
 .text.USBH_HandleSof
                0x00000000080083b4       0x18 ./src/usbh_core.o
 .text.USBH_HandleEnum
                0x00000000080083cc      0x174 ./src/usbh_core.o
 .text.USBH_Init
                0x0000000008008540       0x30 ./src/usbh_core.o
                0x0000000008008540                USBH_Init
 .text.USBH_RegisterClass
                0x0000000008008570       0x24 ./src/usbh_core.o
                0x0000000008008570                USBH_RegisterClass
 .text.USBH_SelectInterface
                0x0000000008008594       0x14 ./src/usbh_core.o
                0x0000000008008594                USBH_SelectInterface
 .text.USBH_FindInterface
                0x00000000080085a8       0x50 ./src/usbh_core.o
                0x00000000080085a8                USBH_FindInterface
 .text.USBH_Start
                0x00000000080085f8       0x14 ./src/usbh_core.o
                0x00000000080085f8                USBH_Start
 .text.USBH_Process
                0x000000000800860c      0x198 ./src/usbh_core.o
                0x000000000800860c                USBH_Process
 .text.USBH_LL_SetTimer
                0x00000000080087a4        0x8 ./src/usbh_core.o
                0x00000000080087a4                USBH_LL_SetTimer
 .text.USBH_LL_IncTimer
                0x00000000080087ac       0x14 ./src/usbh_core.o
                0x00000000080087ac                USBH_LL_IncTimer
 .text.USBH_LL_Connect
                0x00000000080087c0       0x2c ./src/usbh_core.o
                0x00000000080087c0                USBH_LL_Connect
 .text.USBH_LL_Disconnect
                0x00000000080087ec       0x38 ./src/usbh_core.o
                0x00000000080087ec                USBH_LL_Disconnect
 .text.USBH_ParseDevDesc
                0x0000000008008824       0x5c ./src/usbh_ctlreq.o
 .text.USBH_ParseInterfaceDesc
                0x0000000008008880       0x28 ./src/usbh_ctlreq.o
 .text.USBH_ParseEPDesc
                0x00000000080088a8       0x20 ./src/usbh_ctlreq.o
 .text.USBH_ParseStringDesc
                0x00000000080088c8       0x30 ./src/usbh_ctlreq.o
 .text.USBH_HandleControl
                0x00000000080088f8      0x1cc ./src/usbh_ctlreq.o
 .text.USBH_GetNextDesc
                0x0000000008008ac4       0x10 ./src/usbh_ctlreq.o
                0x0000000008008ac4                USBH_GetNextDesc
 .text.USBH_ParseCfgDesc
                0x0000000008008ad4       0xc8 ./src/usbh_ctlreq.o
 .text.USBH_CtlReq
                0x0000000008008b9c       0x44 ./src/usbh_ctlreq.o
                0x0000000008008b9c                USBH_CtlReq
 .text.USBH_GetDescriptor
                0x0000000008008be0       0x3c ./src/usbh_ctlreq.o
                0x0000000008008be0                USBH_GetDescriptor
 .text.USBH_Get_DevDesc
                0x0000000008008c1c       0x30 ./src/usbh_ctlreq.o
                0x0000000008008c1c                USBH_Get_DevDesc
 .text.USBH_Get_CfgDesc
                0x0000000008008c4c       0x30 ./src/usbh_ctlreq.o
                0x0000000008008c4c                USBH_Get_CfgDesc
 .text.USBH_Get_StringDesc
                0x0000000008008c7c       0x30 ./src/usbh_ctlreq.o
                0x0000000008008c7c                USBH_Get_StringDesc
 .text.USBH_SetAddress
                0x0000000008008cac       0x20 ./src/usbh_ctlreq.o
                0x0000000008008cac                USBH_SetAddress
 .text.USBH_SetCfg
                0x0000000008008ccc       0x20 ./src/usbh_ctlreq.o
                0x0000000008008ccc                USBH_SetCfg
 .text.USBH_ClrFeature
                0x0000000008008cec       0x24 ./src/usbh_ctlreq.o
                0x0000000008008cec                USBH_ClrFeature
 .text.disk_initialize
                0x0000000008008d10        0x4 ./src/usbh_diskio.o
                0x0000000008008d10                disk_initialize
 .text.disk_status
                0x0000000008008d14       0x18 ./src/usbh_diskio.o
                0x0000000008008d14                disk_status
 .text.disk_read
                0x0000000008008d2c       0x8c ./src/usbh_diskio.o
                0x0000000008008d2c                disk_read
 .text.disk_write
                0x0000000008008db8       0x90 ./src/usbh_diskio.o
                0x0000000008008db8                disk_write
 .text.disk_ioctl
                0x0000000008008e48       0x68 ./src/usbh_diskio.o
                0x0000000008008e48                disk_ioctl
 .text.get_fattime
                0x0000000008008eb0        0x4 ./src/usbh_diskio.o
                0x0000000008008eb0                get_fattime
 .text.USBH_CtlSendSetup
                0x0000000008008eb4       0x24 ./src/usbh_ioreq.o
                0x0000000008008eb4                USBH_CtlSendSetup
 .text.USBH_CtlSendData
                0x0000000008008ed8       0x2c ./src/usbh_ioreq.o
                0x0000000008008ed8                USBH_CtlSendData
 .text.USBH_CtlReceiveData
                0x0000000008008f04       0x20 ./src/usbh_ioreq.o
                0x0000000008008f04                USBH_CtlReceiveData
 .text.USBH_BulkSendData
                0x0000000008008f24       0x2c ./src/usbh_ioreq.o
                0x0000000008008f24                USBH_BulkSendData
 .text.USBH_BulkReceiveData
                0x0000000008008f50       0x20 ./src/usbh_ioreq.o
                0x0000000008008f50                USBH_BulkReceiveData
 .text.USBH_MSC_SOFProcess
                0x0000000008008f70        0x4 ./src/usbh_msc.o
 .text.USBH_MSC_Process
                0x0000000008008f74      0x2a8 ./src/usbh_msc.o
 .text.USBH_MSC_ClassRequest
                0x000000000800921c       0x64 ./src/usbh_msc.o
 .text.USBH_MSC_InterfaceDeInit
                0x0000000008009280       0x4c ./src/usbh_msc.o
 .text.USBH_MSC_InterfaceInit
                0x00000000080092cc      0x130 ./src/usbh_msc.o
 .text.USBH_MSC_RdWrProcess
                0x00000000080093fc       0xf8 ./src/usbh_msc.o
 .text.USBH_MSC_UnitIsReady
                0x00000000080094f4       0x24 ./src/usbh_msc.o
                0x00000000080094f4                USBH_MSC_UnitIsReady
 .text.USBH_MSC_GetLUNInfo
                0x0000000008009518       0x28 ./src/usbh_msc.o
                0x0000000008009518                USBH_MSC_GetLUNInfo
 .text.USBH_MSC_Read
                0x0000000008009540       0x9c ./src/usbh_msc.o
                0x0000000008009540                USBH_MSC_Read
 .text.USBH_MSC_Write
                0x00000000080095dc       0x9c ./src/usbh_msc.o
                0x00000000080095dc                USBH_MSC_Write
 .text.USBH_MSC_DecodeCSW
                0x0000000008009678       0x50 ./src/usbh_msc_bot.o
 .text.USBH_MSC_BOT_Abort
                0x00000000080096c8       0x24 ./src/usbh_msc_bot.o
 .text.USBH_MSC_BOT_REQ_Reset
                0x00000000080096ec       0x1c ./src/usbh_msc_bot.o
                0x00000000080096ec                USBH_MSC_BOT_REQ_Reset
 .text.USBH_MSC_BOT_REQ_GetMaxLUN
                0x0000000008009708       0x1c ./src/usbh_msc_bot.o
                0x0000000008009708                USBH_MSC_BOT_REQ_GetMaxLUN
 .text.USBH_MSC_BOT_Init
                0x0000000008009724       0x24 ./src/usbh_msc_bot.o
                0x0000000008009724                USBH_MSC_BOT_Init
 .text.USBH_MSC_BOT_Process
                0x0000000008009748      0x268 ./src/usbh_msc_bot.o
                0x0000000008009748                USBH_MSC_BOT_Process
 .text.USBH_MSC_SCSI_TestUnitReady
                0x00000000080099b0       0x4c ./src/usbh_msc_scsi.o
                0x00000000080099b0                USBH_MSC_SCSI_TestUnitReady
 .text.USBH_MSC_SCSI_ReadCapacity
                0x00000000080099fc       0x88 ./src/usbh_msc_scsi.o
                0x00000000080099fc                USBH_MSC_SCSI_ReadCapacity
 .text.USBH_MSC_SCSI_Inquiry
                0x0000000008009a84       0xd0 ./src/usbh_msc_scsi.o
                0x0000000008009a84                USBH_MSC_SCSI_Inquiry
 .text.USBH_MSC_SCSI_RequestSense
                0x0000000008009b54       0x98 ./src/usbh_msc_scsi.o
                0x0000000008009b54                USBH_MSC_SCSI_RequestSense
 .text.USBH_MSC_SCSI_Write
                0x0000000008009bec       0x8c ./src/usbh_msc_scsi.o
                0x0000000008009bec                USBH_MSC_SCSI_Write
 .text.USBH_MSC_SCSI_Read
                0x0000000008009c78       0x90 ./src/usbh_msc_scsi.o
                0x0000000008009c78                USBH_MSC_SCSI_Read
 .text.USBH_GetFreePipe
                0x0000000008009d08       0x28 ./src/usbh_pipes.o
 .text.USBH_OpenPipe
                0x0000000008009d30       0x20 ./src/usbh_pipes.o
                0x0000000008009d30                USBH_OpenPipe
 .text.USBH_ClosePipe
                0x0000000008009d50        0xc ./src/usbh_pipes.o
                0x0000000008009d50                USBH_ClosePipe
 .text.USBH_AllocPipe
                0x0000000008009d5c       0x24 ./src/usbh_pipes.o
                0x0000000008009d5c                USBH_AllocPipe
 .text.USBH_FreePipe
                0x0000000008009d80       0x18 ./src/usbh_pipes.o
                0x0000000008009d80                USBH_FreePipe
 .text.WavePlayerPauseResume
                0x0000000008009d98       0x10 ./src/waveplayer.o
                0x0000000008009d98                WavePlayerPauseResume
 .text.WavePlayerStop
                0x0000000008009da8        0xc ./src/waveplayer.o
                0x0000000008009da8                WavePlayerStop
 .text.WavePlayerInit
                0x0000000008009db4       0x14 ./src/waveplayer.o
                0x0000000008009db4                WavePlayerInit
 .text.WavePlayBack
                0x0000000008009dc8      0x170 ./src/waveplayer.o
                0x0000000008009dc8                WavePlayBack
 .text.BSP_AUDIO_OUT_HalfTransfer_CallBack
                0x0000000008009f38        0xc ./src/waveplayer.o
                0x0000000008009f38                BSP_AUDIO_OUT_HalfTransfer_CallBack
 .text.BSP_AUDIO_OUT_TransferComplete_CallBack
                0x0000000008009f44       0x1c ./src/waveplayer.o
                0x0000000008009f44                BSP_AUDIO_OUT_TransferComplete_CallBack
 .text.BSP_AUDIO_OUT_Error_CallBack
                0x0000000008009f60        0x4 ./src/waveplayer.o
                0x0000000008009f60                BSP_AUDIO_OUT_Error_CallBack
 .text.WavePlayerStart
                0x0000000008009f64       0x68 ./src/waveplayer.o
                0x0000000008009f64                WavePlayerStart
 .text.WavePlayer_CallBack
                0x0000000008009fcc       0x60 ./src/waveplayer.o
                0x0000000008009fcc                WavePlayer_CallBack
 .text          0x000000000800a02c      0x21c /Users/EJ/Documents/fall2016/267/gcc-arm-none-eabi-5_4-2016q3/bin/../lib/gcc/arm-none-eabi/5.4.1/armv7e-m/libgcc.a(_arm_addsubsf3.o)
                0x000000000800a02c                __aeabi_frsub
                0x000000000800a034                __aeabi_fsub
                0x000000000800a034                __subsf3
                0x000000000800a038                __aeabi_fadd
                0x000000000800a038                __addsf3
                0x000000000800a198                __aeabi_ui2f
                0x000000000800a198                __floatunsisf
                0x000000000800a1a0                __floatsisf
                0x000000000800a1a0                __aeabi_i2f
                0x000000000800a1bc                __aeabi_ul2f
                0x000000000800a1bc                __floatundisf
                0x000000000800a1cc                __aeabi_l2f
                0x000000000800a1cc                __floatdisf
 .text          0x000000000800a248      0x2a0 /Users/EJ/Documents/fall2016/267/gcc-arm-none-eabi-5_4-2016q3/bin/../lib/gcc/arm-none-eabi/5.4.1/armv7e-m/libgcc.a(_arm_muldivsf3.o)
                0x000000000800a248                __mulsf3
                0x000000000800a248                __aeabi_fmul
                0x000000000800a3b0                __divsf3
                0x000000000800a3b0                __aeabi_fdiv
 .text          0x000000000800a4e8       0x4c /Users/EJ/Documents/fall2016/267/gcc-arm-none-eabi-5_4-2016q3/bin/../lib/gcc/arm-none-eabi/5.4.1/armv7e-m/libgcc.a(_arm_fixsfsi.o)
                0x000000000800a4e8                __fixsfsi
                0x000000000800a4e8                __aeabi_f2iz
 .text.__errno  0x000000000800a534        0xc /Users/EJ/Documents/fall2016/267/gcc-arm-none-eabi-5_4-2016q3/bin/../lib/gcc/arm-none-eabi/5.4.1/../../../../arm-none-eabi/lib/armv7e-m/libg_nano.a(lib_a-errno.o)
                0x000000000800a534                __errno
 .text.malloc   0x000000000800a540       0x10 /Users/EJ/Documents/fall2016/267/gcc-arm-none-eabi-5_4-2016q3/bin/../lib/gcc/arm-none-eabi/5.4.1/../../../../arm-none-eabi/lib/armv7e-m/libg_nano.a(lib_a-malloc.o)
                0x000000000800a540                malloc
 .text.free     0x000000000800a550       0x10 /Users/EJ/Documents/fall2016/267/gcc-arm-none-eabi-5_4-2016q3/bin/../lib/gcc/arm-none-eabi/5.4.1/../../../../arm-none-eabi/lib/armv7e-m/libg_nano.a(lib_a-malloc.o)
                0x000000000800a550                free
 .text.memcpy   0x000000000800a560       0x16 /Users/EJ/Documents/fall2016/267/gcc-arm-none-eabi-5_4-2016q3/bin/../lib/gcc/arm-none-eabi/5.4.1/../../../../arm-none-eabi/lib/armv7e-m/libg_nano.a(lib_a-memcpy-stub.o)
                0x000000000800a560                memcpy
 .text.memset   0x000000000800a576       0x10 /Users/EJ/Documents/fall2016/267/gcc-arm-none-eabi-5_4-2016q3/bin/../lib/gcc/arm-none-eabi/5.4.1/../../../../arm-none-eabi/lib/armv7e-m/libg_nano.a(lib_a-memset.o)
                0x000000000800a576                memset
 *fill*         0x000000000800a586        0x2 
 .text._free_r  0x000000000800a588       0x9c /Users/EJ/Documents/fall2016/267/gcc-arm-none-eabi-5_4-2016q3/bin/../lib/gcc/arm-none-eabi/5.4.1/../../../../arm-none-eabi/lib/armv7e-m/libg_nano.a(lib_a-nano-freer.o)
                0x000000000800a588                _free_r
 .text._malloc_r
                0x000000000800a624       0xbc /Users/EJ/Documents/fall2016/267/gcc-arm-none-eabi-5_4-2016q3/bin/../lib/gcc/arm-none-eabi/5.4.1/../../../../arm-none-eabi/lib/armv7e-m/libg_nano.a(lib_a-nano-mallocr.o)
                0x000000000800a624                _malloc_r
 .text._sbrk_r  0x000000000800a6e0       0x20 /Users/EJ/Documents/fall2016/267/gcc-arm-none-eabi-5_4-2016q3/bin/../lib/gcc/arm-none-eabi/5.4.1/../../../../arm-none-eabi/lib/armv7e-m/libg_nano.a(lib_a-sbrkr.o)
                0x000000000800a6e0                _sbrk_r
 .text._vsnprintf_r
                0x000000000800a700       0x56 /Users/EJ/Documents/fall2016/267/gcc-arm-none-eabi-5_4-2016q3/bin/../lib/gcc/arm-none-eabi/5.4.1/../../../../arm-none-eabi/lib/armv7e-m/libg_nano.a(lib_a-vsnprintf.o)
                0x000000000800a700                _vsnprintf_r
                0x000000000800a700                _vsniprintf_r
 *fill*         0x000000000800a756        0x2 
 .text.vsnprintf
                0x000000000800a758       0x1c /Users/EJ/Documents/fall2016/267/gcc-arm-none-eabi-5_4-2016q3/bin/../lib/gcc/arm-none-eabi/5.4.1/../../../../arm-none-eabi/lib/armv7e-m/libg_nano.a(lib_a-vsnprintf.o)
                0x000000000800a758                vsnprintf
                0x000000000800a758                vsniprintf
 .text.__malloc_lock
                0x000000000800a774        0x2 /Users/EJ/Documents/fall2016/267/gcc-arm-none-eabi-5_4-2016q3/bin/../lib/gcc/arm-none-eabi/5.4.1/../../../../arm-none-eabi/lib/armv7e-m/libg_nano.a(lib_a-mlock.o)
                0x000000000800a774                __malloc_lock
 .text.__malloc_unlock
                0x000000000800a776        0x2 /Users/EJ/Documents/fall2016/267/gcc-arm-none-eabi-5_4-2016q3/bin/../lib/gcc/arm-none-eabi/5.4.1/../../../../arm-none-eabi/lib/armv7e-m/libg_nano.a(lib_a-mlock.o)
                0x000000000800a776                __malloc_unlock
 .text.__ssputs_r
                0x000000000800a778       0xb2 /Users/EJ/Documents/fall2016/267/gcc-arm-none-eabi-5_4-2016q3/bin/../lib/gcc/arm-none-eabi/5.4.1/../../../../arm-none-eabi/lib/armv7e-m/libg_nano.a(lib_a-nano-svfprintf.o)
                0x000000000800a778                __ssputs_r
 *fill*         0x000000000800a82a        0x2 
 .text._svfprintf_r
                0x000000000800a82c      0x1e8 /Users/EJ/Documents/fall2016/267/gcc-arm-none-eabi-5_4-2016q3/bin/../lib/gcc/arm-none-eabi/5.4.1/../../../../arm-none-eabi/lib/armv7e-m/libg_nano.a(lib_a-nano-svfprintf.o)
                0x000000000800a82c                _svfprintf_r
                0x000000000800a82c                _svfiprintf_r
 .text._printf_common
                0x000000000800aa14       0xec /Users/EJ/Documents/fall2016/267/gcc-arm-none-eabi-5_4-2016q3/bin/../lib/gcc/arm-none-eabi/5.4.1/../../../../arm-none-eabi/lib/armv7e-m/libg_nano.a(lib_a-nano-vfprintf_i.o)
                0x000000000800aa14                _printf_common
 .text._printf_i
                0x000000000800ab00      0x24c /Users/EJ/Documents/fall2016/267/gcc-arm-none-eabi-5_4-2016q3/bin/../lib/gcc/arm-none-eabi/5.4.1/../../../../arm-none-eabi/lib/armv7e-m/libg_nano.a(lib_a-nano-vfprintf_i.o)
                0x000000000800ab00                _printf_i
 *fill*         0x000000000800ad4c        0x4 
 .text          0x000000000800ad50       0xa0 /Users/EJ/Documents/fall2016/267/gcc-arm-none-eabi-5_4-2016q3/bin/../lib/gcc/arm-none-eabi/5.4.1/../../../../arm-none-eabi/lib/armv7e-m/libg_nano.a(lib_a-memchr.o)
                0x000000000800ad50                memchr
 .text.memmove  0x000000000800adf0       0x36 /Users/EJ/Documents/fall2016/267/gcc-arm-none-eabi-5_4-2016q3/bin/../lib/gcc/arm-none-eabi/5.4.1/../../../../arm-none-eabi/lib/armv7e-m/libg_nano.a(lib_a-memmove.o)
                0x000000000800adf0                memmove
 .text._realloc_r
                0x000000000800ae26       0x4c /Users/EJ/Documents/fall2016/267/gcc-arm-none-eabi-5_4-2016q3/bin/../lib/gcc/arm-none-eabi/5.4.1/../../../../arm-none-eabi/lib/armv7e-m/libg_nano.a(lib_a-nano-reallocr.o)
                0x000000000800ae26                _realloc_r
 .text._malloc_usable_size_r
                0x000000000800ae72       0x14 /Users/EJ/Documents/fall2016/267/gcc-arm-none-eabi-5_4-2016q3/bin/../lib/gcc/arm-none-eabi/5.4.1/../../../../arm-none-eabi/lib/armv7e-m/libg_nano.a(lib_a-nano-msizer.o)
                0x000000000800ae72                _malloc_usable_size_r
 *(.rodata .rodata.* .constdata .constdata.*)
 *fill*         0x000000000800ae86        0x2 
 .rodata.str1.4
                0x000000000800ae88       0x31 ./system/src/stm32f4-hal/stm32f4xx_hal_cortex.o
 *fill*         0x000000000800aeb9        0x3 
 .rodata.str1.4
                0x000000000800aebc       0x2e ./system/src/stm32f4-hal/stm32f4xx_hal_dma.o
 *fill*         0x000000000800aeea        0x2 
 .rodata.flagBitshiftOffset.8166
                0x000000000800aeec        0x8 ./system/src/stm32f4-hal/stm32f4xx_hal_dma.o
 .rodata.str1.4
                0x000000000800aef4       0x2f ./system/src/stm32f4-hal/stm32f4xx_hal_gpio.o
 *fill*         0x000000000800af23        0x1 
 .rodata.str1.4
                0x000000000800af24       0x2e ./system/src/stm32f4-hal/stm32f4xx_hal_hcd.o
 *fill*         0x000000000800af52        0x2 
 .rodata.str1.4
                0x000000000800af54       0x2e ./system/src/stm32f4-hal/stm32f4xx_hal_i2c.o
 *fill*         0x000000000800af82        0x2 
 .rodata.str1.4
                0x000000000800af84       0x31 ./system/src/stm32f4-hal/stm32f4xx_hal_i2s_ex.o
 *fill*         0x000000000800afb5        0x3 
 .rodata.APBAHBPrescTable
                0x000000000800afb8       0x10 ./system/src/stm32f4-hal/stm32f4xx_hal_rcc.o
                0x000000000800afb8                APBAHBPrescTable
 .rodata.str1.4
                0x000000000800afc8       0x2e ./system/src/stm32f4-hal/stm32f4xx_hal_rcc.o
 *fill*         0x000000000800aff6        0x2 
 .rodata.str1.4
                0x000000000800aff8       0x31 ./system/src/stm32f4-hal/stm32f4xx_hal_rcc_ex.o
 *fill*         0x000000000800b029        0x3 
 .rodata.str1.4
                0x000000000800b02c       0x2e ./system/src/stm32f4-hal/stm32f4xx_hal_spi.o
 *fill*         0x000000000800b05a        0x2 
 .rodata.str1.4
                0x000000000800b05c       0x2e ./system/src/stm32f4-hal/stm32f4xx_hal_tim.o
 *fill*         0x000000000800b08a        0x2 
 .rodata.str1.4
                0x000000000800b08c      0x146 ./system/src/cortexm/exception_handlers.o
 *fill*         0x000000000800b1d2        0x2 
 .rodata.AHBPrescTable
                0x000000000800b1d4       0x10 ./system/src/cmsis/system_stm32f4xx.o
                0x000000000800b1d4                AHBPrescTable
 .rodata.ExCvt  0x000000000800b1e4       0x80 ./src/ff.o
 .rodata.str1.4
                0x000000000800b264       0x44 ./src/ff.o
 .rodata.str1.4
                0x000000000800b2a8       0x44 ./src/main.o
                                          0x1 (size before relaxing)
 .rodata.GPIO_PIN
                0x000000000800b2a8        0x8 ./src/stm32f4_discovery.o
                0x000000000800b2a8                GPIO_PIN
 .rodata.str1.4
                0x000000000800b2b0        0x4 ./src/usbh_msc.o
 .rodata.str1.4
                0x000000000800b2b4       0x10 ./src/waveplayer.o
                                          0xd (size before relaxing)
 .rodata.str1.1
                0x000000000800b2c4       0x11 /Users/EJ/Documents/fall2016/267/gcc-arm-none-eabi-5_4-2016q3/bin/../lib/gcc/arm-none-eabi/5.4.1/../../../../arm-none-eabi/lib/armv7e-m/libg_nano.a(lib_a-nano-svfprintf.o)
 .rodata.str1.1
                0x000000000800b2d5       0x22 /Users/EJ/Documents/fall2016/267/gcc-arm-none-eabi-5_4-2016q3/bin/../lib/gcc/arm-none-eabi/5.4.1/../../../../arm-none-eabi/lib/armv7e-m/libg_nano.a(lib_a-nano-vfprintf_i.o)
 *(vtable)
 *(.eh_frame*)
 *(.glue_7)
 .glue_7        0x000000000800b2f7        0x0 linker stubs
 *(.glue_7t)
 .glue_7t       0x000000000800b2f7        0x0 linker stubs

.vfp11_veneer   0x000000000800b2f8        0x0
 .vfp11_veneer  0x000000000800b2f8        0x0 linker stubs

.v4_bx          0x000000000800b2f8        0x0
 .v4_bx         0x000000000800b2f8        0x0 linker stubs

.iplt           0x000000000800b2f8        0x0
 .iplt          0x000000000800b2f8        0x0 ./system/src/stm32f4-hal/stm32f4xx_hal.o

.rel.dyn        0x000000000800b2f8        0x0
 .rel.iplt      0x000000000800b2f8        0x0 ./system/src/stm32f4-hal/stm32f4xx_hal.o

.ARM.extab
 *(.ARM.extab* .gnu.linkonce.armextab.*)
                0x000000000800b2f8                . = ALIGN (0x4)
                0x000000000800b2f8                __exidx_start = .

.ARM.exidx
 *(.ARM.exidx* .gnu.linkonce.armexidx.*)
                0x000000000800b2f8                __exidx_end = .
                0x000000000800b2f8                . = ALIGN (0x4)
                0x000000000800b2f8                _etext = .
                0x000000000800b2f8                __etext = .

.data_CCMRAM    0x0000000010000000        0x0 load address 0x000000000800b2f8
 FILL mask 0xff
 *(.data.CCMRAM .data.CCMRAM.*)
                0x0000000010000000                . = ALIGN (0x4)
                0x000000000800b2f8                _sidata = LOADADDR (.data)

.data           0x0000000020000000      0x158 load address 0x000000000800b2f8
 FILL mask 0xff
                0x0000000020000000                _sdata = .
                0x0000000020000000                __data_start__ = .
 *(.data_begin .data_begin.*)
 .data_begin    0x0000000020000000        0x4 ./system/src/newlib/_startup.o
 *(.data .data.*)
 .data.argv.4290
                0x0000000020000004        0x8 ./system/src/newlib/_syscalls.o
 .data.SystemCoreClock
                0x000000002000000c        0x4 ./system/src/cmsis/system_stm32f4xx.o
                0x000000002000000c                SystemCoreClock
 .data.Is_cs43l22_Stop
                0x0000000020000010        0x1 ./src/cs43l22.o
 *fill*         0x0000000020000011        0x3 ff
 .data.cs43l22_drv
                0x0000000020000014       0x30 ./src/cs43l22.o
                0x0000000020000014                cs43l22_drv
 .data.Lis302dlDrv
                0x0000000020000044       0x34 ./src/lis302dl.o
                0x0000000020000044                Lis302dlDrv
 .data.Lis3dshDrv
                0x0000000020000078       0x34 ./src/lis3dsh.o
                0x0000000020000078                Lis3dshDrv
 .data.PauseResumeStatus
                0x00000000200000ac        0x4 ./src/main.o
                0x00000000200000ac                PauseResumeStatus
 .data.CCR1Val  0x00000000200000b0        0x2 ./src/main.o
                0x00000000200000b0                CCR1Val
 *fill*         0x00000000200000b2        0x2 ff
 .data.GPIO_PORT
                0x00000000200000b4       0x10 ./src/stm32f4_discovery.o
                0x00000000200000b4                GPIO_PORT
 .data.SpixTimeout
                0x00000000200000c4        0x4 ./src/stm32f4_discovery.o
                0x00000000200000c4                SpixTimeout
 .data.BUTTON_PORT
                0x00000000200000c8        0x4 ./src/stm32f4_discovery.o
                0x00000000200000c8                BUTTON_PORT
 .data.I2cxTimeout
                0x00000000200000cc        0x4 ./src/stm32f4_discovery.o
                0x00000000200000cc                I2cxTimeout
 .data.USBH_msc
                0x00000000200000d0       0x20 ./src/usbh_msc.o
                0x00000000200000d0                USBH_msc
 .data.impure_data
                0x00000000200000f0       0x60 /Users/EJ/Documents/fall2016/267/gcc-arm-none-eabi-5_4-2016q3/bin/../lib/gcc/arm-none-eabi/5.4.1/../../../../arm-none-eabi/lib/armv7e-m/libg_nano.a(lib_a-impure.o)
 .data._impure_ptr
                0x0000000020000150        0x4 /Users/EJ/Documents/fall2016/267/gcc-arm-none-eabi-5_4-2016q3/bin/../lib/gcc/arm-none-eabi/5.4.1/../../../../arm-none-eabi/lib/armv7e-m/libg_nano.a(lib_a-impure.o)
                0x0000000020000150                _impure_ptr
 *(.data_end .data_end.*)
 .data_end      0x0000000020000154        0x4 ./system/src/newlib/_startup.o
                0x0000000020000158                . = ALIGN (0x4)
                0x0000000020000158                _edata = .
                0x0000000020000158                __data_end__ = .

.igot.plt       0x0000000020000158        0x0 load address 0x000000000800b450
 .igot.plt      0x0000000020000158        0x0 ./system/src/stm32f4-hal/stm32f4xx_hal.o

.bss_CCMRAM     0x0000000010000000        0x0
 *(.bss.CCMRAM .bss.CCMRAM.*)

.bss            0x0000000020000158     0x1f38
                0x0000000020000158                __bss_start__ = .
                0x0000000020000158                _sbss = .
 *(.bss_begin .bss_begin.*)
 .bss_begin     0x0000000020000158        0x4 ./system/src/newlib/_startup.o
 *(.bss .bss.*)
 .bss.current_heap_end.3974
                0x000000002000015c        0x4 ./system/src/newlib/_sbrk.o
 .bss.name.4289
                0x0000000020000160        0x1 ./system/src/newlib/_syscalls.o
 *fill*         0x0000000020000161        0x3 
 .bss.buf.5179  0x0000000020000164       0x80 ./system/src/diag/Trace.o
 .bss.OutputDev
                0x00000000200001e4        0x1 ./src/cs43l22.o
                0x00000000200001e4                OutputDev
 *fill*         0x00000000200001e5        0x3 
 .bss.Files     0x00000000200001e8       0x18 ./src/ff.o
 .bss.Fsid      0x0000000020000200        0x2 ./src/ff.o
 *fill*         0x0000000020000202        0x2 
 .bss.FatFs     0x0000000020000204        0x4 ./src/ff.o
 .bss.disk      0x0000000020000208        0xc ./src/ff_gen_drv.o
                0x0000000020000208                disk
 .bss.RepeatState
                0x0000000020000214        0x4 ./src/main.o
                0x0000000020000214                RepeatState
 .bss.PressCount
                0x0000000020000218        0x4 ./src/main.o
                0x0000000020000218                PressCount
 .bss.AppliState
                0x000000002000021c        0x1 ./src/main.o
                0x000000002000021c                AppliState
 *fill*         0x000000002000021d        0x3 
 .bss.PbPressCheck
                0x0000000020000220        0x4 ./src/main.o
                0x0000000020000220                PbPressCheck
 .bss.MemsID    0x0000000020000224        0x1 ./src/main.o
                0x0000000020000224                MemsID
 .bss.USBH_USR_ApplicationState
                0x0000000020000225        0x1 ./src/main.o
 *fill*         0x0000000020000226        0x2 
 .bss.CmdIndex  0x0000000020000228        0x4 ./src/main.o
                0x0000000020000228                CmdIndex
 .bss.SpiHandle
                0x000000002000022c       0x58 ./src/stm32f4_discovery.o
 .bss.I2cHandle
                0x0000000020000284       0x44 ./src/stm32f4_discovery.o
 .bss.AcceleroDrv
                0x00000000200002c8        0x4 ./src/stm32f4_discovery_accelerometer.o
 .bss.hdma_i2sTx.8378
                0x00000000200002cc       0x58 ./src/stm32f4_discovery_audio.o
 .bss.pAudioDrv
                0x0000000020000324        0x4 ./src/stm32f4_discovery_audio.o
 .bss.TimeRecBase
                0x0000000020000328        0x4 ./src/stm32f4xx_it.o
                0x0000000020000328                TimeRecBase
 .bss.buffer_offset
                0x000000002000032c        0x1 ./src/waveplayer.o
                0x000000002000032c                buffer_offset
 *fill*         0x000000002000032d        0x3 
 .bss.AudioRemSize
                0x0000000020000330        0x4 ./src/waveplayer.o
 .bss.WaveDataLength
                0x0000000020000334        0x4 ./src/waveplayer.o
 .bss.AudioPlayStart
                0x0000000020000338        0x4 ./src/waveplayer.o
                0x0000000020000338                AudioPlayStart
 .bss.__malloc_sbrk_start
                0x000000002000033c        0x4 /Users/EJ/Documents/fall2016/267/gcc-arm-none-eabi-5_4-2016q3/bin/../lib/gcc/arm-none-eabi/5.4.1/../../../../arm-none-eabi/lib/armv7e-m/libg_nano.a(lib_a-nano-mallocr.o)
                0x000000002000033c                __malloc_sbrk_start
 .bss.__malloc_free_list
                0x0000000020000340        0x4 /Users/EJ/Documents/fall2016/267/gcc-arm-none-eabi-5_4-2016q3/bin/../lib/gcc/arm-none-eabi/5.4.1/../../../../arm-none-eabi/lib/armv7e-m/libg_nano.a(lib_a-nano-mallocr.o)
                0x0000000020000340                __malloc_free_list
 *(COMMON)
 COMMON         0x0000000020000344        0x4 ./system/src/stm32f4-hal/stm32f4xx_hal.o
                0x0000000020000344                uwTick
 COMMON         0x0000000020000348        0x4 ./system/src/newlib/_syscalls.o
                0x0000000020000348                errno
 COMMON         0x000000002000034c      0x568 ./src/main.o
                0x000000002000034c                hUSBHost
                0x0000000020000614                sConfigLed
                0x0000000020000630                USBH_Driver
                0x0000000020000644                USBDISKPath
                0x0000000020000648                hTimLed
                0x0000000020000684                USBDISKFatFs
 COMMON         0x00000000200008b4       0xf0 ./src/stm32f4_discovery_audio.o
                0x00000000200008b4                Filter
                0x000000002000091c                hAudioOutI2s
                0x0000000020000960                hAudioInI2s
 COMMON         0x00000000200009a4      0x298 ./src/usbh_conf.o
                0x00000000200009a4                hHCD
 COMMON         0x0000000020000c3c     0x1450 ./src/waveplayer.o
                0x0000000020000c3c                Audio_Buffer
                0x0000000020001c3c                Directory
                0x0000000020001e5c                LEDsState
                0x0000000020001e60                FileRead
 *(.bss_end .bss_end.*)
 .bss_end       0x000000002000208c        0x4 ./system/src/newlib/_startup.o
                0x0000000020002090                . = ALIGN (0x4)
                0x0000000020002090                __bss_end__ = .
                0x0000000020002090                _ebss = .

.noinit_CCMRAM
 *(.noinit.CCMRAM .noinit.CCMRAM.*)

.noinit         0x0000000020002090        0x0
                0x0000000020002090                _noinit = .
 *(.noinit .noinit.*)
                0x0000000020002090                . = ALIGN (0x4)
                0x0000000020002090                _end_noinit = .
                [!provide]                        PROVIDE (end, _end_noinit)
                [!provide]                        PROVIDE (_end, _end_noinit)
                [!provide]                        PROVIDE (__end, _end_noinit)
                [!provide]                        PROVIDE (__end__, _end_noinit)

._check_stack   0x0000000020002090      0x100
                0x0000000020002190                . = (. + _Minimum_Stack_Size)
 *fill*         0x0000000020002090      0x100 

.b1text
 *(.b1text)
 *(.b1rodata)
 *(.b1rodata.*)

.eb0text
 *(.eb0text)
 *(.eb0rodata)
 *(.eb0rodata.*)

.eb1text
 *(.eb1text)
 *(.eb1rodata)
 *(.eb1rodata.*)

.eb2text
 *(.eb2text)
 *(.eb2rodata)
 *(.eb2rodata.*)

.eb3text
 *(.eb3text)
 *(.eb3rodata)
 *(.eb3rodata.*)

.stab
 *(.stab)

.stabstr
 *(.stabstr)

.stab.excl
 *(.stab.excl)

.stab.exclstr
 *(.stab.exclstr)

.stab.index
 *(.stab.index)

.stab.indexstr
 *(.stab.indexstr)

.comment        0x0000000000000000       0x6e
 *(.comment)
 .comment       0x0000000000000000       0x6e ./system/src/stm32f4-hal/stm32f4xx_hal.o
                                         0x6f (size before relaxing)
 .comment       0x000000000000006e       0x6f ./system/src/stm32f4-hal/stm32f4xx_hal_cortex.o
 .comment       0x000000000000006e       0x6f ./system/src/stm32f4-hal/stm32f4xx_hal_dma.o
 .comment       0x000000000000006e       0x6f ./system/src/stm32f4-hal/stm32f4xx_hal_gpio.o
 .comment       0x000000000000006e       0x6f ./system/src/stm32f4-hal/stm32f4xx_hal_hcd.o
 .comment       0x000000000000006e       0x6f ./system/src/stm32f4-hal/stm32f4xx_hal_i2c.o
 .comment       0x000000000000006e       0x6f ./system/src/stm32f4-hal/stm32f4xx_hal_i2s.o
 .comment       0x000000000000006e       0x6f ./system/src/stm32f4-hal/stm32f4xx_hal_i2s_ex.o
 .comment       0x000000000000006e       0x6f ./system/src/stm32f4-hal/stm32f4xx_hal_rcc.o
 .comment       0x000000000000006e       0x6f ./system/src/stm32f4-hal/stm32f4xx_hal_rcc_ex.o
 .comment       0x000000000000006e       0x6f ./system/src/stm32f4-hal/stm32f4xx_hal_spi.o
 .comment       0x000000000000006e       0x6f ./system/src/stm32f4-hal/stm32f4xx_hal_tim.o
 .comment       0x000000000000006e       0x6f ./system/src/stm32f4-hal/stm32f4xx_hal_tim_ex.o
 .comment       0x000000000000006e       0x6f ./system/src/stm32f4-hal/stm32f4xx_ll_usb.o
 .comment       0x000000000000006e       0x6f ./system/src/newlib/_exit.o
 .comment       0x000000000000006e       0x6f ./system/src/newlib/_sbrk.o
 .comment       0x000000000000006e       0x6f ./system/src/newlib/_startup.o
 .comment       0x000000000000006e       0x6f ./system/src/newlib/_syscalls.o
 .comment       0x000000000000006e       0x6f ./system/src/diag/Trace.o
 .comment       0x000000000000006e       0x6f ./system/src/diag/trace_impl.o
 .comment       0x000000000000006e       0x6f ./system/src/cortexm/_initialize_hardware.o
 .comment       0x000000000000006e       0x6f ./system/src/cortexm/exception_handlers.o
 .comment       0x000000000000006e       0x6f ./system/src/cmsis/system_stm32f4xx.o
 .comment       0x000000000000006e       0x6f ./system/src/cmsis/vectors_stm32f407xx.o
 .comment       0x000000000000006e       0x6f ./src/cs43l22.o
 .comment       0x000000000000006e       0x6f ./src/ff.o
 .comment       0x000000000000006e       0x6f ./src/ff_gen_drv.o
 .comment       0x000000000000006e       0x6f ./src/lis302dl.o
 .comment       0x000000000000006e       0x6f ./src/lis3dsh.o
 .comment       0x000000000000006e       0x6f ./src/main.o
 .comment       0x000000000000006e       0x6f ./src/stm32f4_discovery.o
 .comment       0x000000000000006e       0x6f ./src/stm32f4_discovery_accelerometer.o
 .comment       0x000000000000006e       0x6f ./src/stm32f4_discovery_audio.o
 .comment       0x000000000000006e       0x6f ./src/stm32f4xx_it.o
 .comment       0x000000000000006e       0x6f ./src/usbh_conf.o
 .comment       0x000000000000006e       0x6f ./src/usbh_core.o
 .comment       0x000000000000006e       0x6f ./src/usbh_ctlreq.o
 .comment       0x000000000000006e       0x6f ./src/usbh_diskio.o
 .comment       0x000000000000006e       0x6f ./src/usbh_ioreq.o
 .comment       0x000000000000006e       0x6f ./src/usbh_msc.o
 .comment       0x000000000000006e       0x6f ./src/usbh_msc_bot.o
 .comment       0x000000000000006e       0x6f ./src/usbh_msc_scsi.o
 .comment       0x000000000000006e       0x6f ./src/usbh_pipes.o
 .comment       0x000000000000006e       0x6f ./src/waveplayer.o

.ARM.attributes
                0x0000000000000000       0x31
 .ARM.attributes
                0x0000000000000000       0x33 ./system/src/stm32f4-hal/stm32f4xx_hal.o
 .ARM.attributes
                0x0000000000000033       0x33 ./system/src/stm32f4-hal/stm32f4xx_hal_cortex.o
 .ARM.attributes
                0x0000000000000066       0x33 ./system/src/stm32f4-hal/stm32f4xx_hal_dma.o
 .ARM.attributes
                0x0000000000000099       0x33 ./system/src/stm32f4-hal/stm32f4xx_hal_gpio.o
 .ARM.attributes
                0x00000000000000cc       0x33 ./system/src/stm32f4-hal/stm32f4xx_hal_hcd.o
 .ARM.attributes
                0x00000000000000ff       0x33 ./system/src/stm32f4-hal/stm32f4xx_hal_i2c.o
 .ARM.attributes
                0x0000000000000132       0x33 ./system/src/stm32f4-hal/stm32f4xx_hal_i2s.o
 .ARM.attributes
                0x0000000000000165       0x33 ./system/src/stm32f4-hal/stm32f4xx_hal_i2s_ex.o
 .ARM.attributes
                0x0000000000000198       0x33 ./system/src/stm32f4-hal/stm32f4xx_hal_rcc.o
 .ARM.attributes
                0x00000000000001cb       0x33 ./system/src/stm32f4-hal/stm32f4xx_hal_rcc_ex.o
 .ARM.attributes
                0x00000000000001fe       0x33 ./system/src/stm32f4-hal/stm32f4xx_hal_spi.o
 .ARM.attributes
                0x0000000000000231       0x33 ./system/src/stm32f4-hal/stm32f4xx_hal_tim.o
 .ARM.attributes
                0x0000000000000264       0x33 ./system/src/stm32f4-hal/stm32f4xx_hal_tim_ex.o
 .ARM.attributes
                0x0000000000000297       0x33 ./system/src/stm32f4-hal/stm32f4xx_ll_usb.o
 .ARM.attributes
                0x00000000000002ca       0x33 ./system/src/newlib/_exit.o
 .ARM.attributes
                0x00000000000002fd       0x33 ./system/src/newlib/_sbrk.o
 .ARM.attributes
                0x0000000000000330       0x33 ./system/src/newlib/_startup.o
 .ARM.attributes
                0x0000000000000363       0x33 ./system/src/newlib/_syscalls.o
 .ARM.attributes
                0x0000000000000396       0x33 ./system/src/diag/Trace.o
 .ARM.attributes